mainpp.cpp:107:6:void StartSocetClientTask(void*)	0	static
mainpp.cpp:112:6:void StartSocetServerTask(void*)	0	static
mainpp.cpp:117:6:void StartRosTask(void*)	0	static
mainpp.cpp:122:6:void StartSetSpeedTask(void*)	0	static
mainpp.cpp:126:6:void StartSetSpeedTask2(void*)	0	static
mainpp.cpp:131:6:void StartEncoderTask(void*)	0	static
mainpp.cpp:136:6:void StartEncoderTask2(void*)	0	static
mainpp.cpp:141:6:void StartCmdvelTimeoutRask(void*)	0	static
mainpp.cpp:146:6:void StartHardFaultHanlerTaskRask(void*)	8	static
mainpp.cpp:154:6:void StartSetDefaultListenerRask(void*)	0	static
mainpp.cpp:33:6:void memory_setup()	40	static
mainpp.cpp:56:6:void external_memory_init(I2C_HandleTypeDef*)	0	static
mainpp.cpp:61:6:void threds_setup(TIM_HandleTypeDef*, TIM_HandleTypeDef*, TIM_HandleTypeDef*, TIM_HandleTypeDef*)	32	static
mainpp.cpp:83:6:void set_default()	0	static
mainpp.cpp:89:10:uint8_t* get_local_ip_ptr()	0	static
mainpp.cpp:94:10:uint8_t* get_network_mask_ptr()	0	static
mainpp.cpp:99:10:uint8_t* get_gateaway_ptr()	0	static
mainpp.cpp:104:6:bool is_use_dhcp()	0	static
mainpp.cpp:159:6:void set_default_network_routing()	0	static
mainpp.cpp:163:6:void set_network_routing(uint8_t*, uint8_t*, uint8_t*, bool)	16	static
mainpp.cpp:167:6:void log_startup()	0	static
mainpp.cpp:171:6:void init_UartLogger(UART_HandleTypeDef*)	0	static
mainpp.cpp:173:1:cpp)	8	static
mainpp.cpp:173:1:cpp)	8	static
