Time.h:24:17:virtual int std_msgs::Time::serialize(unsigned char*) const	0	static
Time.h:40:17:virtual int std_msgs::Time::deserialize(unsigned char*)	0	static
Time.h:56:18:virtual const char* std_msgs::Time::getType()	0	static
Time.h:57:18:virtual const char* std_msgs::Time::getMD5()	0	static
TopicInfo.h:124:18:virtual const char* rosserial_msgs::TopicInfo::getType()	0	static
TopicInfo.h:125:18:virtual const char* rosserial_msgs::TopicInfo::getMD5()	0	static
Log.h:61:18:virtual const char* rosserial_msgs::Log::getType()	0	static
Log.h:62:18:virtual const char* rosserial_msgs::Log::getMD5()	0	static
RequestParam.h:200:18:virtual const char* rosserial_msgs::RequestParamResponse::getType()	0	static
RequestParam.h:201:18:virtual const char* rosserial_msgs::RequestParamResponse::getMD5()	0	static
Vector3.h:47:18:virtual const char* geometry_msgs::Vector3::getType()	0	static
Vector3.h:48:18:virtual const char* geometry_msgs::Vector3::getMD5()	0	static
Twist.h:43:18:virtual const char* geometry_msgs::Twist::getType()	0	static
Twist.h:44:18:virtual const char* geometry_msgs::Twist::getMD5()	0	static
Header.h:86:18:virtual const char* std_msgs::Header::getType()	0	static
Header.h:87:18:virtual const char* std_msgs::Header::getMD5()	0	static
Point.h:47:18:virtual const char* geometry_msgs::Point::getType()	0	static
Point.h:48:18:virtual const char* geometry_msgs::Point::getMD5()	0	static
Quaternion.h:52:18:virtual const char* geometry_msgs::Quaternion::getType()	0	static
Quaternion.h:53:18:virtual const char* geometry_msgs::Quaternion::getMD5()	0	static
Pose.h:44:18:virtual const char* geometry_msgs::Pose::getType()	0	static
Pose.h:45:18:virtual const char* geometry_msgs::Pose::getMD5()	0	static
PoseWithCovariance.h:46:18:virtual const char* geometry_msgs::PoseWithCovariance::getType()	0	static
PoseWithCovariance.h:47:18:virtual const char* geometry_msgs::PoseWithCovariance::getMD5()	0	static
TwistWithCovariance.h:46:18:virtual const char* geometry_msgs::TwistWithCovariance::getType()	0	static
TwistWithCovariance.h:47:18:virtual const char* geometry_msgs::TwistWithCovariance::getMD5()	0	static
Odometry.h:67:18:virtual const char* nav_msgs::Odometry::getType()	0	static
Odometry.h:68:18:virtual const char* nav_msgs::Odometry::getMD5()	0	static
Transform.h:44:18:virtual const char* geometry_msgs::Transform::getType()	0	static
Transform.h:45:18:virtual const char* geometry_msgs::Transform::getMD5()	0	static
TransformStamped.h:61:18:virtual const char* geometry_msgs::TransformStamped::getType()	0	static
TransformStamped.h:62:18:virtual const char* geometry_msgs::TransformStamped::getMD5()	0	static
tfMessage.h:26:17:virtual int tf::tfMessage::serialize(unsigned char*) const	24	static
tfMessage.h:58:18:virtual const char* tf::tfMessage::getType()	0	static
tfMessage.h:59:18:virtual const char* tf::tfMessage::getMD5()	0	static
PoseWithCovarianceStamped.h:44:18:virtual const char* geometry_msgs::PoseWithCovarianceStamped::getType()	0	static
PoseWithCovarianceStamped.h:45:18:virtual const char* geometry_msgs::PoseWithCovarianceStamped::getMD5()	0	static
RosHelper.cpp:18:1:RosHelper::~RosHelper()	0	static
subscriber.h:88:15:int ros::Subscriber<MsgT, ObjT>::getEndpointType() [with MsgT = geometry_msgs::PoseWithCovarianceStamped; ObjT = OdometryPublisher]	0	static
subscriber.h:80:24:const char* ros::Subscriber<MsgT, ObjT>::getMsgType() [with MsgT = geometry_msgs::PoseWithCovarianceStamped; ObjT = OdometryPublisher]	0	static
subscriber.h:84:24:const char* ros::Subscriber<MsgT, ObjT>::getMsgMD5() [with MsgT = geometry_msgs::PoseWithCovarianceStamped; ObjT = OdometryPublisher]	0	static
node_handle.h:368:16:bool ros::NodeHandle_<Hardware, MAX_SUBSCRIBERS, MAX_PUBLISHERS, INPUT_SIZE, OUTPUT_SIZE>::connected() [with Hardware = STM32Hardware; int MAX_SUBSCRIBERS = 25; int MAX_PUBLISHERS = 25; int INPUT_SIZE = 1024; int OUTPUT_SIZE = 1024]	0	static
subscriber.h:88:15:int ros::Subscriber<MsgT, ObjT>::getEndpointType() [with MsgT = geometry_msgs::Twist; ObjT = CmdVelSubscriber]	0	static
subscriber.h:80:24:const char* ros::Subscriber<MsgT, ObjT>::getMsgType() [with MsgT = geometry_msgs::Twist; ObjT = CmdVelSubscriber]	0	static
subscriber.h:84:24:const char* ros::Subscriber<MsgT, ObjT>::getMsgMD5() [with MsgT = geometry_msgs::Twist; ObjT = CmdVelSubscriber]	0	static
RosHelper.cpp:18:1:virtual RosHelper::~RosHelper()	8	static
OdometryPublisher.h:158:7:void OdometryPublisher::on_initial_pose(const geometry_msgs::PoseWithCovarianceStamped&)	32	static
node_handle.h:516:15:int ros::NodeHandle_<Hardware, MAX_SUBSCRIBERS, MAX_PUBLISHERS, INPUT_SIZE, OUTPUT_SIZE>::publish(int, const ros::Msg*) [with Hardware = STM32Hardware; int MAX_SUBSCRIBERS = 25; int MAX_PUBLISHERS = 25; int INPUT_SIZE = 1024; int OUTPUT_SIZE = 1024]	32	static
msg.h:64:14:static int ros::Msg::serializeAvrFloat64(unsigned char*, float)	0	static
Quaternion.h:32:17:virtual int geometry_msgs::Quaternion::serialize(unsigned char*) const	16	static
Point.h:29:17:virtual int geometry_msgs::Point::serialize(unsigned char*) const	16	static
Pose.h:28:17:virtual int geometry_msgs::Pose::serialize(unsigned char*) const	16	static
PoseWithCovariance.h:26:17:virtual int geometry_msgs::PoseWithCovariance::serialize(unsigned char*) const	24	static
Vector3.h:29:17:virtual int geometry_msgs::Vector3::serialize(unsigned char*) const	16	static
Transform.h:28:17:virtual int geometry_msgs::Transform::serialize(unsigned char*) const	16	static
Twist.h:27:17:virtual int geometry_msgs::Twist::serialize(unsigned char*) const	16	static
TwistWithCovariance.h:26:17:virtual int geometry_msgs::TwistWithCovariance::serialize(unsigned char*) const	24	static
msg.h:102:14:static int ros::Msg::deserializeAvrFloat64(const unsigned char*, float*)	8	static
Point.h:38:17:virtual int geometry_msgs::Point::deserialize(unsigned char*)	16	static
Quaternion.h:42:17:virtual int geometry_msgs::Quaternion::deserialize(unsigned char*)	16	static
Pose.h:36:17:virtual int geometry_msgs::Pose::deserialize(unsigned char*)	16	static
PoseWithCovariance.h:36:17:virtual int geometry_msgs::PoseWithCovariance::deserialize(unsigned char*)	24	static
Vector3.h:38:17:virtual int geometry_msgs::Vector3::deserialize(unsigned char*)	16	static
Twist.h:35:17:virtual int geometry_msgs::Twist::deserialize(unsigned char*)	16	static
subscriber.h:74:16:void ros::Subscriber<MsgT, ObjT>::callback(unsigned char*) [with MsgT = geometry_msgs::Twist; ObjT = CmdVelSubscriber]	16	static
Transform.h:36:17:virtual int geometry_msgs::Transform::deserialize(unsigned char*)	16	static
TwistWithCovariance.h:36:17:virtual int geometry_msgs::TwistWithCovariance::deserialize(unsigned char*)	24	static
publisher.h:53:7:int ros::Publisher::publish(const ros::Msg*)	4	static
WheelSubscriber.h:36:7:void WheelSubscriber::wheel_callback(float)	8	static
CmdVelSubscriber.h:87:7:void CmdVelSubscriber::cmdvel_callback(const geometry_msgs::Twist&)	16	static
WheelSubscriber.h:41:7:void WheelSubscriber::set_speed(int16_t)	32	static
WheelPublisher.h:33:7:void WheelPublisher::init(TIM_HandleTypeDef*)	16	static
WheelPublisher.h:59:7:void WheelPublisher::tick_calculate()	32	static
WheelPublisher.h:89:10:int16_t WheelPublisher::get_speed()	16	static
PoseWithCovariance.h:20:5:geometry_msgs::PoseWithCovariance::PoseWithCovariance()	0	static
TransformStamped.h:24:5:geometry_msgs::TransformStamped::TransformStamped()	0	static
OdometryPublisher.h:72:7:void OdometryPublisher::set_pose()	96	static
RosHelper.cpp:12:1:RosHelper::RosHelper()	40	static
RosHelper.cpp:22:6:void RosHelper::setupRos(TIM_HandleTypeDef*, TIM_HandleTypeDef*, TIM_HandleTypeDef*, TIM_HandleTypeDef*, SetUpHelper*)	48	static
RosHelper.cpp:77:6:void RosHelper::setSpeedTask()	8	static
RosHelper.cpp:86:6:void RosHelper::setSpeedTask2()	8	static
RosHelper.cpp:95:6:void RosHelper::encoderTask()	8	static
RosHelper.cpp:104:6:void RosHelper::encoderTask2()	8	static
RosHelper.cpp:113:6:void RosHelper::cmdvelTimeoutTask()	8	static
msg.h:129:15:static void ros::Msg::varToArr(A, V) [with A = unsigned char*; V = long unsigned int]	0	static
TopicInfo.h:43:17:virtual int rosserial_msgs::TopicInfo::serialize(unsigned char*) const	24	static
Header.h:30:17:virtual int std_msgs::Header::serialize(unsigned char*) const	16	static
PoseWithCovarianceStamped.h:28:17:virtual int geometry_msgs::PoseWithCovarianceStamped::serialize(unsigned char*) const	16	static
TransformStamped.h:31:17:virtual int geometry_msgs::TransformStamped::serialize(unsigned char*) const	24	static
Odometry.h:35:17:virtual int nav_msgs::Odometry::serialize(unsigned char*) const	24	static
RequestParam.h:78:17:virtual int rosserial_msgs::RequestParamResponse::serialize(unsigned char*) const	24	static
Log.h:31:17:virtual int rosserial_msgs::Log::serialize(unsigned char*) const	24	static
msg.h:137:15:static void ros::Msg::arrToVar(V&, A) [with V = long unsigned int; A = unsigned char*]	8	static
Header.h:56:17:virtual int std_msgs::Header::deserialize(unsigned char*)	24	static
PoseWithCovarianceStamped.h:36:17:virtual int geometry_msgs::PoseWithCovarianceStamped::deserialize(unsigned char*)	16	static
subscriber.h:74:16:void ros::Subscriber<MsgT, ObjT>::callback(unsigned char*) [with MsgT = geometry_msgs::PoseWithCovarianceStamped; ObjT = OdometryPublisher]	16	static
TopicInfo.h:77:17:virtual int rosserial_msgs::TopicInfo::deserialize(unsigned char*)	40	static
RequestParam.h:130:17:virtual int rosserial_msgs::RequestParamResponse::deserialize(unsigned char*)	32	static
Log.h:44:17:virtual int rosserial_msgs::Log::deserialize(unsigned char*)	24	static
Odometry.h:49:17:virtual int nav_msgs::Odometry::deserialize(unsigned char*)	24	static
TransformStamped.h:44:17:virtual int geometry_msgs::TransformStamped::deserialize(unsigned char*)	24	static
tfMessage.h:40:17:virtual int tf::tfMessage::deserialize(unsigned char*)	32	static
node_handle.h:377:8:void ros::NodeHandle_<Hardware, MAX_SUBSCRIBERS, MAX_PUBLISHERS, INPUT_SIZE, OUTPUT_SIZE>::requestSyncTime() [with Hardware = STM32Hardware; int MAX_SUBSCRIBERS = 25; int MAX_PUBLISHERS = 25; int INPUT_SIZE = 1024; int OUTPUT_SIZE = 1024]	24	static
node_handle.h:485:8:void ros::NodeHandle_<Hardware, MAX_SUBSCRIBERS, MAX_PUBLISHERS, INPUT_SIZE, OUTPUT_SIZE>::negotiateTopics() [with Hardware = STM32Hardware; int MAX_SUBSCRIBERS = 25; int MAX_PUBLISHERS = 25; int INPUT_SIZE = 1024; int OUTPUT_SIZE = 1024]	48	static
node_handle.h:217:15:int ros::NodeHandle_<Hardware, MAX_SUBSCRIBERS, MAX_PUBLISHERS, INPUT_SIZE, OUTPUT_SIZE>::spinOnce() [with Hardware = STM32Hardware; int MAX_SUBSCRIBERS = 25; int MAX_PUBLISHERS = 25; int INPUT_SIZE = 1024; int OUTPUT_SIZE = 1024]	48	static
RosHelper.cpp:52:6:void RosHelper::rosLoop()	16	static
RosHelper.cpp:69:6:void RosHelper::RosTask()	8	static
