stm32f4xx_hal_msp.c:66:6:HAL_MspInit	8	static
stm32f4xx_hal_msp.c:90:6:HAL_I2C_MspInit	48	static
stm32f4xx_hal_msp.c:126:6:HAL_I2C_MspDeInit	0	static
stm32f4xx_hal_msp.c:155:6:HAL_RTC_MspInit	0	static
stm32f4xx_hal_msp.c:177:6:HAL_RTC_MspDeInit	0	static
stm32f4xx_hal_msp.c:199:6:HAL_SD_MspInit	56	static
stm32f4xx_hal_msp.c:248:6:HAL_SD_MspDeInit	8	static
stm32f4xx_hal_msp.c:284:6:HAL_TIM_Encoder_MspInit	48	static
stm32f4xx_hal_msp.c:344:6:HAL_TIM_Base_MspInit	8	static
stm32f4xx_hal_msp.c:371:6:HAL_TIM_MspPostInit	40	static
stm32f4xx_hal_msp.c:425:6:HAL_TIM_Encoder_MspDeInit	0	static
stm32f4xx_hal_msp.c:472:6:HAL_TIM_Base_MspDeInit	0	static
stm32f4xx_hal_msp.c:505:6:HAL_UART_MspInit	40	static
stm32f4xx_hal_msp.c:540:6:HAL_UART_MspDeInit	0	static
