Archive member included to satisfy reference by file (symbol)

/opt/st/stm32cubeide_1.1.0/plugins/com.st.stm32cube.ide.mcu.externaltools.gnu-tools-for-stm32.7-2018-q2-update.linux64_1.0.0.201904181610/tools/bin/../lib/gcc/arm-none-eabi/7.3.1/../../../../arm-none-eabi/lib/thumb/v7e-m/fpv4-sp/hard/libstdc++_nano.a(del_ops.o)
                              Core/Src/RosHelper.o (operator delete(void*, unsigned int))
/opt/st/stm32cubeide_1.1.0/plugins/com.st.stm32cube.ide.mcu.externaltools.gnu-tools-for-stm32.7-2018-q2-update.linux64_1.0.0.201904181610/tools/bin/../lib/gcc/arm-none-eabi/7.3.1/../../../../arm-none-eabi/lib/thumb/v7e-m/fpv4-sp/hard/libstdc++_nano.a(del_op.o)
                              /opt/st/stm32cubeide_1.1.0/plugins/com.st.stm32cube.ide.mcu.externaltools.gnu-tools-for-stm32.7-2018-q2-update.linux64_1.0.0.201904181610/tools/bin/../lib/gcc/arm-none-eabi/7.3.1/../../../../arm-none-eabi/lib/thumb/v7e-m/fpv4-sp/hard/libstdc++_nano.a(del_ops.o) (operator delete(void*))
/opt/st/stm32cubeide_1.1.0/plugins/com.st.stm32cube.ide.mcu.externaltools.gnu-tools-for-stm32.7-2018-q2-update.linux64_1.0.0.201904181610/tools/bin/../lib/gcc/arm-none-eabi/7.3.1/../../../../arm-none-eabi/lib/thumb/v7e-m/fpv4-sp/hard/libm.a(lib_a-s_cos.o)
                              Core/Src/RosHelper.o (cos)
/opt/st/stm32cubeide_1.1.0/plugins/com.st.stm32cube.ide.mcu.externaltools.gnu-tools-for-stm32.7-2018-q2-update.linux64_1.0.0.201904181610/tools/bin/../lib/gcc/arm-none-eabi/7.3.1/../../../../arm-none-eabi/lib/thumb/v7e-m/fpv4-sp/hard/libm.a(lib_a-s_round.o)
                              Core/Src/RosHelper.o (round)
/opt/st/stm32cubeide_1.1.0/plugins/com.st.stm32cube.ide.mcu.externaltools.gnu-tools-for-stm32.7-2018-q2-update.linux64_1.0.0.201904181610/tools/bin/../lib/gcc/arm-none-eabi/7.3.1/../../../../arm-none-eabi/lib/thumb/v7e-m/fpv4-sp/hard/libm.a(lib_a-s_sin.o)
                              Core/Src/RosHelper.o (sin)
/opt/st/stm32cubeide_1.1.0/plugins/com.st.stm32cube.ide.mcu.externaltools.gnu-tools-for-stm32.7-2018-q2-update.linux64_1.0.0.201904181610/tools/bin/../lib/gcc/arm-none-eabi/7.3.1/../../../../arm-none-eabi/lib/thumb/v7e-m/fpv4-sp/hard/libm.a(lib_a-sf_cos.o)
                              Core/Src/RosHelper.o (cosf)
/opt/st/stm32cubeide_1.1.0/plugins/com.st.stm32cube.ide.mcu.externaltools.gnu-tools-for-stm32.7-2018-q2-update.linux64_1.0.0.201904181610/tools/bin/../lib/gcc/arm-none-eabi/7.3.1/../../../../arm-none-eabi/lib/thumb/v7e-m/fpv4-sp/hard/libm.a(lib_a-sf_round.o)
                              Core/Src/RosHelper.o (roundf)
/opt/st/stm32cubeide_1.1.0/plugins/com.st.stm32cube.ide.mcu.externaltools.gnu-tools-for-stm32.7-2018-q2-update.linux64_1.0.0.201904181610/tools/bin/../lib/gcc/arm-none-eabi/7.3.1/../../../../arm-none-eabi/lib/thumb/v7e-m/fpv4-sp/hard/libm.a(lib_a-sf_sin.o)
                              Core/Src/RosHelper.o (sinf)
/opt/st/stm32cubeide_1.1.0/plugins/com.st.stm32cube.ide.mcu.externaltools.gnu-tools-for-stm32.7-2018-q2-update.linux64_1.0.0.201904181610/tools/bin/../lib/gcc/arm-none-eabi/7.3.1/../../../../arm-none-eabi/lib/thumb/v7e-m/fpv4-sp/hard/libm.a(lib_a-w_atan2.o)
                              Core/Src/RosHelper.o (atan2)
/opt/st/stm32cubeide_1.1.0/plugins/com.st.stm32cube.ide.mcu.externaltools.gnu-tools-for-stm32.7-2018-q2-update.linux64_1.0.0.201904181610/tools/bin/../lib/gcc/arm-none-eabi/7.3.1/../../../../arm-none-eabi/lib/thumb/v7e-m/fpv4-sp/hard/libm.a(lib_a-e_atan2.o)
                              /opt/st/stm32cubeide_1.1.0/plugins/com.st.stm32cube.ide.mcu.externaltools.gnu-tools-for-stm32.7-2018-q2-update.linux64_1.0.0.201904181610/tools/bin/../lib/gcc/arm-none-eabi/7.3.1/../../../../arm-none-eabi/lib/thumb/v7e-m/fpv4-sp/hard/libm.a(lib_a-w_atan2.o) (__ieee754_atan2)
/opt/st/stm32cubeide_1.1.0/plugins/com.st.stm32cube.ide.mcu.externaltools.gnu-tools-for-stm32.7-2018-q2-update.linux64_1.0.0.201904181610/tools/bin/../lib/gcc/arm-none-eabi/7.3.1/../../../../arm-none-eabi/lib/thumb/v7e-m/fpv4-sp/hard/libm.a(lib_a-e_rem_pio2.o)
                              /opt/st/stm32cubeide_1.1.0/plugins/com.st.stm32cube.ide.mcu.externaltools.gnu-tools-for-stm32.7-2018-q2-update.linux64_1.0.0.201904181610/tools/bin/../lib/gcc/arm-none-eabi/7.3.1/../../../../arm-none-eabi/lib/thumb/v7e-m/fpv4-sp/hard/libm.a(lib_a-s_cos.o) (__ieee754_rem_pio2)
/opt/st/stm32cubeide_1.1.0/plugins/com.st.stm32cube.ide.mcu.externaltools.gnu-tools-for-stm32.7-2018-q2-update.linux64_1.0.0.201904181610/tools/bin/../lib/gcc/arm-none-eabi/7.3.1/../../../../arm-none-eabi/lib/thumb/v7e-m/fpv4-sp/hard/libm.a(lib_a-ef_rem_pio2.o)
                              /opt/st/stm32cubeide_1.1.0/plugins/com.st.stm32cube.ide.mcu.externaltools.gnu-tools-for-stm32.7-2018-q2-update.linux64_1.0.0.201904181610/tools/bin/../lib/gcc/arm-none-eabi/7.3.1/../../../../arm-none-eabi/lib/thumb/v7e-m/fpv4-sp/hard/libm.a(lib_a-sf_cos.o) (__ieee754_rem_pio2f)
[...]
Memory Configuration

Name             Origin             Length             Attributes
CCMRAM           0x0000000010000000 0x0000000000010000 xrw
RAM              0x0000000020000000 0x0000000000020000 xrw
FLASH            0x0000000008000000 0x0000000000100000 xr
*default*        0x0000000000000000 0xffffffffffffffff

Linker script and memory map

LOAD /opt/st/stm32cubeide_1.1.0/plugins/com.st.stm32cube.ide.mcu.externaltools.gnu-tools-for-stm32.7-2018-q2-update.linux64_1.0.0.201904181610/tools/bin/../lib/gcc/arm-none-eabi/7.3.1/thumb/v7e-m/fpv4-sp/hard/crti.o
LOAD /opt/st/stm32cubeide_1.1.0/plugins/com.st.stm32cube.ide.mcu.externaltools.gnu-tools-for-stm32.7-2018-q2-update.linux64_1.0.0.201904181610/tools/bin/../lib/gcc/arm-none-eabi/7.3.1/thumb/v7e-m/fpv4-sp/hard/crtbegin.o
LOAD /opt/st/stm32cubeide_1.1.0/plugins/com.st.stm32cube.ide.mcu.externaltools.gnu-tools-for-stm32.7-2018-q2-update.linux64_1.0.0.201904181610/tools/bin/../lib/gcc/arm-none-eabi/7.3.1/../../../../arm-none-eabi/lib/thumb/v7e-m/fpv4-sp/hard/crt0.o
LOAD Core/Inc/duration.o
LOAD Core/Inc/time.o
LOAD Core/Src/RosHelper.o
LOAD Core/Src/SetUpHelper.o
LOAD Core/Src/Settings.o
LOAD Core/Src/SocketClient.o
LOAD Core/Src/SocketServer.o
LOAD Core/Src/UartLogger.o
LOAD Core/Src/freertos.o
LOAD Core/Src/lwip_init.o
LOAD Core/Src/main.o
LOAD Core/Src/mainpp.o
LOAD Core/Src/stm32f4xx_hal_msp.o
LOAD Core/Src/stm32f4xx_hal_timebase_tim.o
LOAD Core/Src/stm32f4xx_it.o
LOAD Core/Src/syscalls.o
LOAD Core/Src/sysmem.o
LOAD Core/Src/system_stm32f4xx.o
LOAD Core/Startup/startup_stm32f407vgtx.o
LOAD Drivers/STM32F4xx_HAL_Driver/Src/stm32f4xx_hal.o
LOAD Drivers/STM32F4xx_HAL_Driver/Src/stm32f4xx_hal_cortex.o
LOAD Drivers/STM32F4xx_HAL_Driver/Src/stm32f4xx_hal_dma.o
LOAD Drivers/STM32F4xx_HAL_Driver/Src/stm32f4xx_hal_dma_ex.o
LOAD Drivers/STM32F4xx_HAL_Driver/Src/stm32f4xx_hal_eth.o
LOAD Drivers/STM32F4xx_HAL_Driver/Src/stm32f4xx_hal_exti.o
LOAD Drivers/STM32F4xx_HAL_Driver/Src/stm32f4xx_hal_flash.o
LOAD Drivers/STM32F4xx_HAL_Driver/Src/stm32f4xx_hal_flash_ex.o
LOAD Drivers/STM32F4xx_HAL_Driver/Src/stm32f4xx_hal_flash_ramfunc.o
LOAD Drivers/STM32F4xx_HAL_Driver/Src/stm32f4xx_hal_gpio.o
LOAD Drivers/STM32F4xx_HAL_Driver/Src/stm32f4xx_hal_i2c.o
LOAD Drivers/STM32F4xx_HAL_Driver/Src/stm32f4xx_hal_i2c_ex.o
LOAD Drivers/STM32F4xx_HAL_Driver/Src/stm32f4xx_hal_pwr.o
LOAD Drivers/STM32F4xx_HAL_Driver/Src/stm32f4xx_hal_pwr_ex.o
LOAD Drivers/STM32F4xx_HAL_Driver/Src/stm32f4xx_hal_rcc.o
LOAD Drivers/STM32F4xx_HAL_Driver/Src/stm32f4xx_hal_rcc_ex.o
LOAD Drivers/STM32F4xx_HAL_Driver/Src/stm32f4xx_hal_rtc.o
LOAD Drivers/STM32F4xx_HAL_Driver/Src/stm32f4xx_hal_rtc_ex.o
LOAD Drivers/STM32F4xx_HAL_Driver/Src/stm32f4xx_hal_sd.o
LOAD Drivers/STM32F4xx_HAL_Driver/Src/stm32f4xx_hal_tim.o
LOAD Drivers/STM32F4xx_HAL_Driver/Src/stm32f4xx_hal_tim_ex.o
LOAD Drivers/STM32F4xx_HAL_Driver/Src/stm32f4xx_hal_uart.o
LOAD Drivers/STM32F4xx_HAL_Driver/Src/stm32f4xx_ll_sdmmc.o
LOAD FATFS/App/fatfs.o
LOAD FATFS/Target/bsp_driver_sd.o
LOAD FATFS/Target/fatfs_platform.o
LOAD FATFS/Target/sd_diskio.o
LOAD LWIP/App/lwip.o
LOAD LWIP/Target/ethernetif.o
LOAD Middlewares/Third_Party/FatFs/src/diskio.o
LOAD Middlewares/Third_Party/FatFs/src/ff.o
LOAD Middlewares/Third_Party/FatFs/src/ff_gen_drv.o
LOAD Middlewares/Third_Party/FatFs/src/option/syscall.o
LOAD Middlewares/Third_Party/FreeRTOS/Source/CMSIS_RTOS/cmsis_os.o
LOAD Middlewares/Third_Party/FreeRTOS/Source/croutine.o
LOAD Middlewares/Third_Party/FreeRTOS/Source/event_groups.o
LOAD Middlewares/Third_Party/FreeRTOS/Source/list.o
LOAD Middlewares/Third_Party/FreeRTOS/Source/queue.o
LOAD Middlewares/Third_Party/FreeRTOS/Source/stream_buffer.o
LOAD Middlewares/Third_Party/FreeRTOS/Source/tasks.o
LOAD Middlewares/Third_Party/FreeRTOS/Source/timers.o
LOAD Middlewares/Third_Party/FreeRTOS/Source/portable/GCC/ARM_CM4F/port.o
LOAD Middlewares/Third_Party/FreeRTOS/Source/portable/MemMang/heap_5.o
LOAD Middlewares/Third_Party/LwIP/src/api/api_lib.o
LOAD Middlewares/Third_Party/LwIP/src/api/api_msg.o
LOAD Middlewares/Third_Party/LwIP/src/api/err.o
LOAD Middlewares/Third_Party/LwIP/src/api/if_api.o
LOAD Middlewares/Third_Party/LwIP/src/api/netbuf.o
LOAD Middlewares/Third_Party/LwIP/src/api/netdb.o
LOAD Middlewares/Third_Party/LwIP/src/api/netifapi.o
LOAD Middlewares/Third_Party/LwIP/src/api/sockets.o
LOAD Middlewares/Third_Party/LwIP/src/api/tcpip.o
LOAD Middlewares/Third_Party/LwIP/src/apps/mqtt/mqtt.o
LOAD Middlewares/Third_Party/LwIP/src/core/altcp.o
LOAD Middlewares/Third_Party/LwIP/src/core/altcp_alloc.o
LOAD Middlewares/Third_Party/LwIP/src/core/altcp_tcp.o
LOAD Middlewares/Third_Party/LwIP/src/core/def.o
LOAD Middlewares/Third_Party/LwIP/src/core/dns.o
LOAD Middlewares/Third_Party/LwIP/src/core/inet_chksum.o
LOAD Middlewares/Third_Party/LwIP/src/core/init.o
LOAD Middlewares/Third_Party/LwIP/src/core/ip.o
LOAD Middlewares/Third_Party/LwIP/src/core/mem.o
LOAD Middlewares/Third_Party/LwIP/src/core/memp.o
LOAD Middlewares/Third_Party/LwIP/src/core/netif.o
LOAD Middlewares/Third_Party/LwIP/src/core/pbuf.o
LOAD Middlewares/Third_Party/LwIP/src/core/raw.o
LOAD Middlewares/Third_Party/LwIP/src/core/stats.o
LOAD Middlewares/Third_Party/LwIP/src/core/sys.o
LOAD Middlewares/Third_Party/LwIP/src/core/tcp.o
LOAD Middlewares/Third_Party/LwIP/src/core/tcp_in.o
LOAD Middlewares/Third_Party/LwIP/src/core/tcp_out.o
LOAD Middlewares/Third_Party/LwIP/src/core/timeouts.o
LOAD Middlewares/Third_Party/LwIP/src/core/udp.o
LOAD Middlewares/Third_Party/LwIP/src/core/ipv4/autoip.o
LOAD Middlewares/Third_Party/LwIP/src/core/ipv4/dhcp.o
LOAD Middlewares/Third_Party/LwIP/src/core/ipv4/etharp.o
LOAD Middlewares/Third_Party/LwIP/src/core/ipv4/icmp.o
LOAD Middlewares/Third_Party/LwIP/src/core/ipv4/igmp.o
LOAD Middlewares/Third_Party/LwIP/src/core/ipv4/ip4.o
LOAD Middlewares/Third_Party/LwIP/src/core/ipv4/ip4_addr.o
LOAD Middlewares/Third_Party/LwIP/src/core/ipv4/ip4_frag.o
LOAD Middlewares/Third_Party/LwIP/src/core/ipv6/dhcp6.o
LOAD Middlewares/Third_Party/LwIP/src/core/ipv6/ethip6.o
LOAD Middlewares/Third_Party/LwIP/src/core/ipv6/icmp6.o
LOAD Middlewares/Third_Party/LwIP/src/core/ipv6/inet6.o
LOAD Middlewares/Third_Party/LwIP/src/core/ipv6/ip6.o
LOAD Middlewares/Third_Party/LwIP/src/core/ipv6/ip6_addr.o
LOAD Middlewares/Third_Party/LwIP/src/core/ipv6/ip6_frag.o
LOAD Middlewares/Third_Party/LwIP/src/core/ipv6/mld6.o
LOAD Middlewares/Third_Party/LwIP/src/core/ipv6/nd6.o
LOAD Middlewares/Third_Party/LwIP/src/netif/bridgeif.o
LOAD Middlewares/Third_Party/LwIP/src/netif/bridgeif_fdb.o
LOAD Middlewares/Third_Party/LwIP/src/netif/ethernet.o
LOAD Middlewares/Third_Party/LwIP/src/netif/lowpan6.o
LOAD Middlewares/Third_Party/LwIP/src/netif/lowpan6_ble.o
LOAD Middlewares/Third_Party/LwIP/src/netif/lowpan6_common.o
LOAD Middlewares/Third_Party/LwIP/src/netif/slipif.o
LOAD Middlewares/Third_Party/LwIP/src/netif/zepif.o
LOAD Middlewares/Third_Party/LwIP/src/netif/ppp/auth.o
LOAD Middlewares/Third_Party/LwIP/src/netif/ppp/ccp.o
LOAD Middlewares/Third_Party/LwIP/src/netif/ppp/chap-md5.o
LOAD Middlewares/Third_Party/LwIP/src/netif/ppp/chap-new.o
LOAD Middlewares/Third_Party/LwIP/src/netif/ppp/chap_ms.o
LOAD Middlewares/Third_Party/LwIP/src/netif/ppp/demand.o
LOAD Middlewares/Third_Party/LwIP/src/netif/ppp/eap.o
LOAD Middlewares/Third_Party/LwIP/src/netif/ppp/ecp.o
LOAD Middlewares/Third_Party/LwIP/src/netif/ppp/eui64.o
LOAD Middlewares/Third_Party/LwIP/src/netif/ppp/fsm.o
LOAD Middlewares/Third_Party/LwIP/src/netif/ppp/ipcp.o
LOAD Middlewares/Third_Party/LwIP/src/netif/ppp/ipv6cp.o
LOAD Middlewares/Third_Party/LwIP/src/netif/ppp/lcp.o
LOAD Middlewares/Third_Party/LwIP/src/netif/ppp/magic.o
LOAD Middlewares/Third_Party/LwIP/src/netif/ppp/mppe.o
LOAD Middlewares/Third_Party/LwIP/src/netif/ppp/multilink.o
LOAD Middlewares/Third_Party/LwIP/src/netif/ppp/ppp.o
LOAD Middlewares/Third_Party/LwIP/src/netif/ppp/pppapi.o
LOAD Middlewares/Third_Party/LwIP/src/netif/ppp/pppcrypt.o
LOAD Middlewares/Third_Party/LwIP/src/netif/ppp/pppoe.o
LOAD Middlewares/Third_Party/LwIP/src/netif/ppp/pppol2tp.o
LOAD Middlewares/Third_Party/LwIP/src/netif/ppp/pppos.o
LOAD Middlewares/Third_Party/LwIP/src/netif/ppp/upap.o
LOAD Middlewares/Third_Party/LwIP/src/netif/ppp/utils.o
LOAD Middlewares/Third_Party/LwIP/src/netif/ppp/vj.o
LOAD Middlewares/Third_Party/LwIP/system/OS/sys_arch.o
START GROUP
LOAD /opt/st/stm32cubeide_1.1.0/plugins/com.st.stm32cube.ide.mcu.externaltools.gnu-tools-for-stm32.7-2018-q2-update.linux64_1.0.0.201904181610/tools/bin/../lib/gcc/arm-none-eabi/7.3.1/../../../../arm-none-eabi/lib/thumb/v7e-m/fpv4-sp/hard/libstdc++_nano.a
LOAD /opt/st/stm32cubeide_1.1.0/plugins/com.st.stm32cube.ide.mcu.externaltools.gnu-tools-for-stm32.7-2018-q2-update.linux64_1.0.0.201904181610/tools/bin/../lib/gcc/arm-none-eabi/7.3.1/../../../../arm-none-eabi/lib/thumb/v7e-m/fpv4-sp/hard/libsupc++_nano.a
END GROUP
LOAD /opt/st/stm32cubeide_1.1.0/plugins/com.st.stm32cube.ide.mcu.externaltools.gnu-tools-for-stm32.7-2018-q2-update.linux64_1.0.0.201904181610/tools/bin/../lib/gcc/arm-none-eabi/7.3.1/../../../../arm-none-eabi/lib/thumb/v7e-m/fpv4-sp/hard/libstdc++_nano.a
LOAD /opt/st/stm32cubeide_1.1.0/plugins/com.st.stm32cube.ide.mcu.externaltools.gnu-tools-for-stm32.7-2018-q2-update.linux64_1.0.0.201904181610/tools/bin/../lib/gcc/arm-none-eabi/7.3.1/../../../../arm-none-eabi/lib/thumb/v7e-m/fpv4-sp/hard/libm.a
LOAD /opt/st/stm32cubeide_1.1.0/plugins/com.st.stm32cube.ide.mcu.externaltools.gnu-tools-for-stm32.7-2018-q2-update.linux64_1.0.0.201904181610/tools/bin/../lib/gcc/arm-none-eabi/7.3.1/../../../../arm-none-eabi/lib/thumb/v7e-m/fpv4-sp/hard/libc_nano.a
START GROUP
LOAD /opt/st/stm32cubeide_1.1.0/plugins/com.st.stm32cube.ide.mcu.externaltools.gnu-tools-for-stm32.7-2018-q2-update.linux64_1.0.0.201904181610/tools/bin/../lib/gcc/arm-none-eabi/7.3.1/thumb/v7e-m/fpv4-sp/hard/libgcc.a
LOAD /opt/st/stm32cubeide_1.1.0/plugins/com.st.stm32cube.ide.mcu.externaltools.gnu-tools-for-stm32.7-2018-q2-update.linux64_1.0.0.201904181610/tools/bin/../lib/gcc/arm-none-eabi/7.3.1/../../../../arm-none-eabi/lib/thumb/v7e-m/fpv4-sp/hard/libc_nano.a
END GROUP
START GROUP
LOAD /opt/st/stm32cubeide_1.1.0/plugins/com.st.stm32cube.ide.mcu.externaltools.gnu-tools-for-stm32.7-2018-q2-update.linux64_1.0.0.201904181610/tools/bin/../lib/gcc/arm-none-eabi/7.3.1/thumb/v7e-m/fpv4-sp/hard/libgcc.a
LOAD /opt/st/stm32cubeide_1.1.0/plugins/com.st.stm32cube.ide.mcu.externaltools.gnu-tools-for-stm32.7-2018-q2-update.linux64_1.0.0.201904181610/tools/bin/../lib/gcc/arm-none-eabi/7.3.1/../../../../arm-none-eabi/lib/thumb/v7e-m/fpv4-sp/hard/libc_nano.a
END GROUP
LOAD /opt/st/stm32cubeide_1.1.0/plugins/com.st.stm32cube.ide.mcu.externaltools.gnu-tools-for-stm32.7-2018-q2-update.linux64_1.0.0.201904181610/tools/bin/../lib/gcc/arm-none-eabi/7.3.1/thumb/v7e-m/fpv4-sp/hard/crtend.o
LOAD /opt/st/stm32cubeide_1.1.0/plugins/com.st.stm32cube.ide.mcu.externaltools.gnu-tools-for-stm32.7-2018-q2-update.linux64_1.0.0.201904181610/tools/bin/../lib/gcc/arm-none-eabi/7.3.1/thumb/v7e-m/fpv4-sp/hard/crtn.o
                0x0000000020020000                _estack = (ORIGIN (RAM) + LENGTH (RAM))
                0x0000000000000200                _Min_Heap_Size = 0x200
                0x0000000000000400                _Min_Stack_Size = 0x400

.isr_vector     0x0000000008000000      0x188
                0x0000000008000000                . = ALIGN (0x4)
 *(.isr_vector)
 .isr_vector    0x0000000008000000      0x188 Core/Startup/startup_stm32f407vgtx.o
                0x0000000008000000                g_pfnVectors
                0x0000000008000188                . = ALIGN (0x4)

.text           0x0000000008000190    0x17c28
                0x0000000008000190                . = ALIGN (0x4)
 *(.text)
 .text          0x0000000008000190       0x40 /opt/st/stm32cubeide_1.1.0/plugins/com.st.stm32cube.ide.mcu.externaltools.gnu-tools-for-stm32.7-2018-q2-update.linux64_1.0.0.201904181610/tools/bin/../lib/gcc/arm-none-eabi/7.3.1/thumb/v7e-m/fpv4-sp/hard/crtbegin.o
 .text          0x00000000080001d0       0x10 /opt/st/stm32cubeide_1.1.0/plugins/com.st.stm32cube.ide.mcu.externaltools.gnu-tools-for-stm32.7-2018-q2-update.linux64_1.0.0.201904181610/tools/bin/../lib/gcc/arm-none-eabi/7.3.1/../../../../arm-none-eabi/lib/thumb/v7e-m/fpv4-sp/hard/libc_nano.a(lib_a-strlen.o)
                0x00000000080001d0                strlen
 .text          0x00000000080001e0       0xa0 /opt/st/stm32cubeide_1.1.0/plugins/com.st.stm32cube.ide.mcu.externaltools.gnu-tools-for-stm32.7-2018-q2-update.linux64_1.0.0.201904181610/tools/bin/../lib/gcc/arm-none-eabi/7.3.1/../../../../arm-none-eabi/lib/thumb/v7e-m/fpv4-sp/hard/libc_nano.a(lib_a-memchr.o)
                0x00000000080001e0                memchr
 .text          0x0000000008000280      0x378 /opt/st/stm32cubeide_1.1.0/plugins/com.st.stm32cube.ide.mcu.externaltools.gnu-tools-for-stm32.7-2018-q2-update.linux64_1.0.0.201904181610/tools/bin/../lib/gcc/arm-none-eabi/7.3.1/thumb/v7e-m/fpv4-sp/hard/libgcc.a(_arm_addsubdf3.o)
                0x0000000008000280                __aeabi_drsub
                0x0000000008000288                __aeabi_dsub
                0x0000000008000288                __subdf3
                0x000000000800028c                __adddf3
                0x000000000800028c                __aeabi_dadd
                0x0000000008000504                __aeabi_ui2d
                0x0000000008000504                __floatunsidf
                0x0000000008000524                __floatsidf
                0x0000000008000524                __aeabi_i2d
                0x0000000008000548                __extendsfdf2
                0x0000000008000548                __aeabi_f2d
                0x000000000800058c                __aeabi_ul2d
                0x000000000800058c                __floatundidf
                0x000000000800059c                __floatdidf
                0x000000000800059c                __aeabi_l2d
 .text          0x00000000080005f8      0x424 /opt/st/stm32cubeide_1.1.0/plugins/com.st.stm32cube.ide.mcu.externaltools.gnu-tools-for-stm32.7-2018-q2-update.linux64_1.0.0.201904181610/tools/bin/../lib/gcc/arm-none-eabi/7.3.1/thumb/v7e-m/fpv4-sp/hard/libgcc.a(_arm_muldivdf3.o)
                0x00000000080005f8                __aeabi_dmul
                0x00000000080005f8                __muldf3
                0x000000000800084c                __aeabi_ddiv
                0x000000000800084c                __divdf3
 .text          0x0000000008000a1c      0x110 /opt/st/stm32cubeide_1.1.0/plugins/com.st.stm32cube.ide.mcu.externaltools.gnu-tools-for-stm32.7-2018-q2-update.linux64_1.0.0.201904181610/tools/bin/../lib/gcc/arm-none-eabi/7.3.1/thumb/v7e-m/fpv4-sp/hard/libgcc.a(_arm_cmpdf2.o)
                0x0000000008000a1c                __gtdf2
                0x0000000008000a1c                __gedf2
                0x0000000008000a24                __ltdf2
                0x0000000008000a24                __ledf2
                0x0000000008000a2c                __cmpdf2
                0x0000000008000a2c                __eqdf2
                0x0000000008000a2c                __nedf2
                0x0000000008000aa8                __aeabi_cdrcmple
                0x0000000008000ab8                __aeabi_cdcmple
                0x0000000008000ab8                __aeabi_cdcmpeq
                0x0000000008000ac8                __aeabi_dcmpeq
                0x0000000008000adc                __aeabi_dcmplt
                0x0000000008000af0                __aeabi_dcmple
                0x0000000008000b04                __aeabi_dcmpge
                0x0000000008000b18                __aeabi_dcmpgt
 .text          0x0000000008000b2c       0x50 /opt/st/stm32cubeide_1.1.0/plugins/com.st.stm32cube.ide.mcu.externaltools.gnu-tools-for-stm32.7-2018-q2-update.linux64_1.0.0.201904181610/tools/bin/../lib/gcc/arm-none-eabi/7.3.1/thumb/v7e-m/fpv4-sp/hard/libgcc.a(_arm_fixdfsi.o)
                0x0000000008000b2c                __fixdfsi
                0x0000000008000b2c                __aeabi_d2iz
 .text          0x0000000008000b7c       0xa0 /opt/st/stm32cubeide_1.1.0/plugins/com.st.stm32cube.ide.mcu.externaltools.gnu-tools-for-stm32.7-2018-q2-update.linux64_1.0.0.201904181610/tools/bin/../lib/gcc/arm-none-eabi/7.3.1/thumb/v7e-m/fpv4-sp/hard/libgcc.a(_arm_truncdfsf2.o)
                0x0000000008000b7c                __aeabi_d2f
                0x0000000008000b7c                __truncdfsf2
 .text          0x0000000008000c1c       0x30 /opt/st/stm32cubeide_1.1.0/plugins/com.st.stm32cube.ide.mcu.externaltools.gnu-tools-for-stm32.7-2018-q2-update.linux64_1.0.0.201904181610/tools/bin/../lib/gcc/arm-none-eabi/7.3.1/thumb/v7e-m/fpv4-sp/hard/libgcc.a(_aeabi_uldivmod.o)
                0x0000000008000c1c                __aeabi_uldivmod
 .text          0x0000000008000c4c      0x2cc /opt/st/stm32cubeide_1.1.0/plugins/com.st.stm32cube.ide.mcu.externaltools.gnu-tools-for-stm32.7-2018-q2-update.linux64_1.0.0.201904181610/tools/bin/../lib/gcc/arm-none-eabi/7.3.1/thumb/v7e-m/fpv4-sp/hard/libgcc.a(_udivmoddi4.o)
                0x0000000008000c4c                __udivmoddi4
 .text          0x0000000008000f18        0x4 /opt/st/stm32cubeide_1.1.0/plugins/com.st.stm32cube.ide.mcu.externaltools.gnu-tools-for-stm32.7-2018-q2-update.linux64_1.0.0.201904181610/tools/bin/../lib/gcc/arm-none-eabi/7.3.1/thumb/v7e-m/fpv4-sp/hard/libgcc.a(_dvmd_tls.o)
                0x0000000008000f18                __aeabi_ldiv0
                0x0000000008000f18                __aeabi_idiv0
 *(.text*)
 .text._ZNK8std_msgs4Time9serializeEPh
                0x0000000008000f1c       0x28 Core/Src/RosHelper.o
                0x0000000008000f1c                std_msgs::Time::serialize(unsigned char*) const
 .text._ZN8std_msgs4Time11deserializeEPh
                0x0000000008000f44       0x3c Core/Src/RosHelper.o
                0x0000000008000f44                std_msgs::Time::deserialize(unsigned char*)
 .text._ZN8std_msgs4Time7getTypeEv
                0x0000000008000f80        0x8 Core/Src/RosHelper.o
                0x0000000008000f80                std_msgs::Time::getType()
 .text._ZN8std_msgs4Time6getMD5Ev
                0x0000000008000f88        0x8 Core/Src/RosHelper.o
                0x0000000008000f88                std_msgs::Time::getMD5()
 .text._ZN14rosserial_msgs9TopicInfo7getTypeEv
                0x0000000008000f90        0x8 Core/Src/RosHelper.o
                0x0000000008000f90                rosserial_msgs::TopicInfo::getType()
 .text._ZN14rosserial_msgs9TopicInfo6getMD5Ev
                0x0000000008000f98        0x8 Core/Src/RosHelper.o
                0x0000000008000f98                rosserial_msgs::TopicInfo::getMD5()
 .text._ZN14rosserial_msgs3Log7getTypeEv
                0x0000000008000fa0        0x8 Core/Src/RosHelper.o
                0x0000000008000fa0                rosserial_msgs::Log::getType()
 .text._ZN14rosserial_msgs3Log6getMD5Ev
                0x0000000008000fa8        0x8 Core/Src/RosHelper.o
                0x0000000008000fa8                rosserial_msgs::Log::getMD5()
 .text._ZN14rosserial_msgs20RequestParamResponse7getTypeEv
                0x0000000008000fb0        0x8 Core/Src/RosHelper.o
                0x0000000008000fb0                rosserial_msgs::RequestParamResponse::getType()
 .text._ZN14rosserial_msgs20RequestParamResponse6getMD5Ev
                0x0000000008000fb8        0x8 Core/Src/RosHelper.o
                0x0000000008000fb8                rosserial_msgs::RequestParamResponse::getMD5()
 .text._ZN13geometry_msgs7Vector37getTypeEv
                0x0000000008000fc0        0x8 Core/Src/RosHelper.o
                0x0000000008000fc0                geometry_msgs::Vector3::getType()
 .text._ZN13geometry_msgs7Vector36getMD5Ev
                0x0000000008000fc8        0x8 Core/Src/RosHelper.o
                0x0000000008000fc8                geometry_msgs::Vector3::getMD5()
 .text._ZN13geometry_msgs5Twist7getTypeEv
                0x0000000008000fd0        0x8 Core/Src/RosHelper.o
                0x0000000008000fd0                geometry_msgs::Twist::getType()
 .text._ZN13geometry_msgs5Twist6getMD5Ev
                0x0000000008000fd8        0x8 Core/Src/RosHelper.o
                0x0000000008000fd8                geometry_msgs::Twist::getMD5()
 .text._ZN8std_msgs6Header7getTypeEv
                0x0000000008000fe0        0x8 Core/Src/RosHelper.o
                0x0000000008000fe0                std_msgs::Header::getType()
 .text._ZN8std_msgs6Header6getMD5Ev
                0x0000000008000fe8        0x8 Core/Src/RosHelper.o
                0x0000000008000fe8                std_msgs::Header::getMD5()
 .text._ZN13geometry_msgs5Point7getTypeEv
                0x0000000008000ff0        0x8 Core/Src/RosHelper.o
                0x0000000008000ff0                geometry_msgs::Point::getType()
 .text._ZN13geometry_msgs5Point6getMD5Ev
                0x0000000008000ff8        0x8 Core/Src/RosHelper.o
                0x0000000008000ff8                geometry_msgs::Point::getMD5()
 .text._ZN13geometry_msgs10Quaternion7getTypeEv
                0x0000000008001000        0x8 Core/Src/RosHelper.o
                0x0000000008001000                geometry_msgs::Quaternion::getType()
 .text._ZN13geometry_msgs10Quaternion6getMD5Ev
                0x0000000008001008        0x8 Core/Src/RosHelper.o
                0x0000000008001008                geometry_msgs::Quaternion::getMD5()
 .text._ZN13geometry_msgs4Pose7getTypeEv
                0x0000000008001010        0x8 Core/Src/RosHelper.o
                0x0000000008001010                geometry_msgs::Pose::getType()
 .text._ZN13geometry_msgs4Pose6getMD5Ev
                0x0000000008001018        0x8 Core/Src/RosHelper.o
                0x0000000008001018                geometry_msgs::Pose::getMD5()
 .text._ZN13geometry_msgs18PoseWithCovariance7getTypeEv
                0x0000000008001020        0x8 Core/Src/RosHelper.o
                0x0000000008001020                geometry_msgs::PoseWithCovariance::getType()
 .text._ZN13geometry_msgs18PoseWithCovariance6getMD5Ev
                0x0000000008001028        0x8 Core/Src/RosHelper.o
                0x0000000008001028                geometry_msgs::PoseWithCovariance::getMD5()
 .text._ZN13geometry_msgs19TwistWithCovariance7getTypeEv
                0x0000000008001030        0x8 Core/Src/RosHelper.o
                0x0000000008001030                geometry_msgs::TwistWithCovariance::getType()
 .text._ZN13geometry_msgs19TwistWithCovariance6getMD5Ev
                0x0000000008001038        0x8 Core/Src/RosHelper.o
                0x0000000008001038                geometry_msgs::TwistWithCovariance::getMD5()
 .text._ZN8nav_msgs8Odometry7getTypeEv
                0x0000000008001040        0x8 Core/Src/RosHelper.o
                0x0000000008001040                nav_msgs::Odometry::getType()
 .text._ZN8nav_msgs8Odometry6getMD5Ev
                0x0000000008001048        0x8 Core/Src/RosHelper.o
                0x0000000008001048                nav_msgs::Odometry::getMD5()
 .text._ZN13geometry_msgs9Transform7getTypeEv
                0x0000000008001050        0x8 Core/Src/RosHelper.o
                0x0000000008001050                geometry_msgs::Transform::getType()
 .text._ZN13geometry_msgs9Transform6getMD5Ev
                0x0000000008001058        0x8 Core/Src/RosHelper.o
                0x0000000008001058                geometry_msgs::Transform::getMD5()
 .text._ZN13geometry_msgs16TransformStamped7getTypeEv
                0x0000000008001060        0x8 Core/Src/RosHelper.o
                0x0000000008001060                geometry_msgs::TransformStamped::getType()
 .text._ZN13geometry_msgs16TransformStamped6getMD5Ev
                0x0000000008001068        0x8 Core/Src/RosHelper.o
                0x0000000008001068                geometry_msgs::TransformStamped::getMD5()
 .text._ZNK2tf9tfMessage9serializeEPh
                0x0000000008001070       0x44 Core/Src/RosHelper.o
                0x0000000008001070                tf::tfMessage::serialize(unsigned char*) const
 .text._ZN2tf9tfMessage7getTypeEv
                0x00000000080010b4        0x8 Core/Src/RosHelper.o
                0x00000000080010b4                tf::tfMessage::getType()
 .text._ZN2tf9tfMessage6getMD5Ev
                0x00000000080010bc        0x8 Core/Src/RosHelper.o
                0x00000000080010bc                tf::tfMessage::getMD5()
 .text._ZN13geometry_msgs25PoseWithCovarianceStamped7getTypeEv
                0x00000000080010c4        0x8 Core/Src/RosHelper.o
                0x00000000080010c4                geometry_msgs::PoseWithCovarianceStamped::getType()
 .text._ZN13geometry_msgs25PoseWithCovarianceStamped6getMD5Ev
                0x00000000080010cc        0x8 Core/Src/RosHelper.o
                0x00000000080010cc                geometry_msgs::PoseWithCovarianceStamped::getMD5()
 .text._ZN9RosHelperD2Ev
                0x00000000080010d4        0x2 Core/Src/RosHelper.o
                0x00000000080010d4                RosHelper::~RosHelper()
                0x00000000080010d4                RosHelper::~RosHelper()
 .text._ZN3ros10SubscriberIN13geometry_msgs25PoseWithCovarianceStampedE17OdometryPublisherE15getEndpointTypeEv
                0x00000000080010d6        0x6 Core/Src/RosHelper.o
                0x00000000080010d6                ros::Subscriber<geometry_msgs::PoseWithCovarianceStamped, OdometryPublisher>::getEndpointType()
 .text._ZN3ros10SubscriberIN13geometry_msgs25PoseWithCovarianceStampedE17OdometryPublisherE10getMsgTypeEv
                0x00000000080010dc        0x8 Core/Src/RosHelper.o
                0x00000000080010dc                ros::Subscriber<geometry_msgs::PoseWithCovarianceStamped, OdometryPublisher>::getMsgType()
 .text._ZN3ros10SubscriberIN13geometry_msgs25PoseWithCovarianceStampedE17OdometryPublisherE9getMsgMD5Ev
                0x00000000080010e4        0x8 Core/Src/RosHelper.o
                0x00000000080010e4                ros::Subscriber<geometry_msgs::PoseWithCovarianceStamped, OdometryPublisher>::getMsgMD5()
 .text._ZN3ros11NodeHandle_I13STM32HardwareLi25ELi25ELi1024ELi1024EE9connectedEv
                0x00000000080010ec        0x8 Core/Src/RosHelper.o
                0x00000000080010ec                ros::NodeHandle_<STM32Hardware, 25, 25, 1024, 1024>::connected()
 .text._ZN3ros10SubscriberIN13geometry_msgs5TwistE16CmdVelSubscriberE15getEndpointTypeEv
                0x00000000080010f4        0x4 Core/Src/RosHelper.o
                0x00000000080010f4                ros::Subscriber<geometry_msgs::Twist, CmdVelSubscriber>::getEndpointType()
 .text._ZN3ros10SubscriberIN13geometry_msgs5TwistE16CmdVelSubscriberE10getMsgTypeEv
                0x00000000080010f8        0x8 Core/Src/RosHelper.o
                0x00000000080010f8                ros::Subscriber<geometry_msgs::Twist, CmdVelSubscriber>::getMsgType()
 .text._ZN3ros10SubscriberIN13geometry_msgs5TwistE16CmdVelSubscriberE9getMsgMD5Ev
                0x0000000008001100        0x8 Core/Src/RosHelper.o
                0x0000000008001100                ros::Subscriber<geometry_msgs::Twist, CmdVelSubscriber>::getMsgMD5()
 .text._ZN9RosHelperD0Ev
                0x0000000008001108       0x10 Core/Src/RosHelper.o
                0x0000000008001108                RosHelper::~RosHelper()
 .text._ZN17OdometryPublisher15on_initial_poseERKN13geometry_msgs25PoseWithCovarianceStampedE
                0x0000000008001118       0x9c Core/Src/RosHelper.o
                0x0000000008001118                OdometryPublisher::on_initial_pose(geometry_msgs::PoseWithCovarianceStamped const&)
 .text._ZN3ros11NodeHandle_I13STM32HardwareLi25ELi25ELi1024ELi1024EE7publishEiPKNS_3MsgE
                0x00000000080011b4       0xb0 Core/Src/RosHelper.o
                0x00000000080011b4                ros::NodeHandle_<STM32Hardware, 25, 25, 1024, 1024>::publish(int, ros::Msg const*)
 .text._ZN3ros3Msg19serializeAvrFloat64EPhf
                0x0000000008001264       0x44 Core/Src/RosHelper.o
                0x0000000008001264                ros::Msg::serializeAvrFloat64(unsigned char*, float)
 .text._ZNK13geometry_msgs10Quaternion9serializeEPh
                0x00000000080012a8       0x38 Core/Src/RosHelper.o
                0x00000000080012a8                geometry_msgs::Quaternion::serialize(unsigned char*) const
 .text._ZNK13geometry_msgs5Point9serializeEPh
                0x00000000080012e0       0x2c Core/Src/RosHelper.o
                0x00000000080012e0                geometry_msgs::Point::serialize(unsigned char*) const
 .text._ZNK13geometry_msgs4Pose9serializeEPh
                0x000000000800130c       0x1c Core/Src/RosHelper.o
                0x000000000800130c                geometry_msgs::Pose::serialize(unsigned char*) const
 .text._ZNK13geometry_msgs18PoseWithCovariance9serializeEPh
                0x0000000008001328       0x28 Core/Src/RosHelper.o
                0x0000000008001328                geometry_msgs::PoseWithCovariance::serialize(unsigned char*) const
 .text._ZNK13geometry_msgs7Vector39serializeEPh
                0x0000000008001350       0x2c Core/Src/RosHelper.o
                0x0000000008001350                geometry_msgs::Vector3::serialize(unsigned char*) const
 .text._ZNK13geometry_msgs9Transform9serializeEPh
                0x000000000800137c       0x1c Core/Src/RosHelper.o
                0x000000000800137c                geometry_msgs::Transform::serialize(unsigned char*) const
 .text._ZNK13geometry_msgs5Twist9serializeEPh
                0x0000000008001398       0x1c Core/Src/RosHelper.o
                0x0000000008001398                geometry_msgs::Twist::serialize(unsigned char*) const
 .text._ZNK13geometry_msgs19TwistWithCovariance9serializeEPh
                0x00000000080013b4       0x28 Core/Src/RosHelper.o
                0x00000000080013b4                geometry_msgs::TwistWithCovariance::serialize(unsigned char*) const
 .text._ZN3ros3Msg21deserializeAvrFloat64EPKhPf
                0x00000000080013dc       0x50 Core/Src/RosHelper.o
                0x00000000080013dc                ros::Msg::deserializeAvrFloat64(unsigned char const*, float*)
 .text._ZN13geometry_msgs5Point11deserializeEPh
                0x000000000800142c       0x2a Core/Src/RosHelper.o
                0x000000000800142c                geometry_msgs::Point::deserialize(unsigned char*)
 .text._ZN13geometry_msgs10Quaternion11deserializeEPh
                0x0000000008001456       0x36 Core/Src/RosHelper.o
                0x0000000008001456                geometry_msgs::Quaternion::deserialize(unsigned char*)
 .text._ZN13geometry_msgs4Pose11deserializeEPh
                0x000000000800148c       0x1c Core/Src/RosHelper.o
                0x000000000800148c                geometry_msgs::Pose::deserialize(unsigned char*)
 .text._ZN13geometry_msgs18PoseWithCovariance11deserializeEPh
                0x00000000080014a8       0x28 Core/Src/RosHelper.o
                0x00000000080014a8                geometry_msgs::PoseWithCovariance::deserialize(unsigned char*)
 .text._ZN13geometry_msgs7Vector311deserializeEPh
                0x00000000080014d0       0x2a Core/Src/RosHelper.o
                0x00000000080014d0                geometry_msgs::Vector3::deserialize(unsigned char*)
 .text._ZN13geometry_msgs5Twist11deserializeEPh
                0x00000000080014fa       0x1c Core/Src/RosHelper.o
                0x00000000080014fa                geometry_msgs::Twist::deserialize(unsigned char*)
 .text._ZN3ros10SubscriberIN13geometry_msgs5TwistE16CmdVelSubscriberE8callbackEPh
                0x0000000008001516       0x2e Core/Src/RosHelper.o
                0x0000000008001516                ros::Subscriber<geometry_msgs::Twist, CmdVelSubscriber>::callback(unsigned char*)
 .text._ZN13geometry_msgs9Transform11deserializeEPh
                0x0000000008001544       0x1c Core/Src/RosHelper.o
                0x0000000008001544                geometry_msgs::Transform::deserialize(unsigned char*)
 .text._ZN13geometry_msgs19TwistWithCovariance11deserializeEPh
                0x0000000008001560       0x28 Core/Src/RosHelper.o
                0x0000000008001560                geometry_msgs::TwistWithCovariance::deserialize(unsigned char*)
 .text._ZN3ros9Publisher7publishEPKNS_3MsgE
                0x0000000008001588       0x16 Core/Src/RosHelper.o
                0x0000000008001588                ros::Publisher::publish(ros::Msg const*)
 *fill*         0x000000000800159e        0x2 
 .text._ZN15WheelSubscriber14wheel_callbackEf
                0x00000000080015a0       0x40 Core/Src/RosHelper.o
                0x00000000080015a0                WheelSubscriber::wheel_callback(float)
 .text._ZN16CmdVelSubscriber15cmdvel_callbackERKN13geometry_msgs5TwistE
                0x00000000080015e0      0x122 Core/Src/RosHelper.o
                0x00000000080015e0                CmdVelSubscriber::cmdvel_callback(geometry_msgs::Twist const&)
 *fill*         0x0000000008001702        0x2 
 .text._ZN15WheelSubscriber9set_speedEs
                0x0000000008001704      0x134 Core/Src/RosHelper.o
                0x0000000008001704                WheelSubscriber::set_speed(short)
 .text._ZN14WheelPublisher4initEP17TIM_HandleTypeDef
                0x0000000008001838       0x40 Core/Src/RosHelper.o
                0x0000000008001838                WheelPublisher::init(TIM_HandleTypeDef*)
 .text._ZN14WheelPublisher14tick_calculateEv
                0x0000000008001878      0x1ac Core/Src/RosHelper.o
                0x0000000008001878                WheelPublisher::tick_calculate()
 .text._ZN14WheelPublisher9get_speedEv
                0x0000000008001a24       0x4c Core/Src/RosHelper.o
                0x0000000008001a24                WheelPublisher::get_speed()
 .text._ZN13geometry_msgs18PoseWithCovarianceC2Ev
                0x0000000008001a70       0x44 Core/Src/RosHelper.o
                0x0000000008001a70                geometry_msgs::PoseWithCovariance::PoseWithCovariance()
                0x0000000008001a70                geometry_msgs::PoseWithCovariance::PoseWithCovariance()
 .text._ZN13geometry_msgs16TransformStampedC2Ev
                0x0000000008001ab4       0x4c Core/Src/RosHelper.o
                0x0000000008001ab4                geometry_msgs::TransformStamped::TransformStamped()
                0x0000000008001ab4                geometry_msgs::TransformStamped::TransformStamped()
 .text._ZN17OdometryPublisher8set_poseEv
                0x0000000008001b00      0x2ec Core/Src/RosHelper.o
                0x0000000008001b00                OdometryPublisher::set_pose()
 .text._ZN9RosHelperC2Ev
                0x0000000008001dec      0x2ac Core/Src/RosHelper.o
                0x0000000008001dec                RosHelper::RosHelper()
                0x0000000008001dec                RosHelper::RosHelper()
 .text._ZN9RosHelper8setupRosEP17TIM_HandleTypeDefS1_S1_S1_P11SetUpHelper
                0x0000000008002098      0x2b0 Core/Src/RosHelper.o
                0x0000000008002098                RosHelper::setupRos(TIM_HandleTypeDef*, TIM_HandleTypeDef*, TIM_HandleTypeDef*, TIM_HandleTypeDef*, SetUpHelper*)
 .text._ZN9RosHelper12setSpeedTaskEv
                0x0000000008002348       0x20 Core/Src/RosHelper.o
                0x0000000008002348                RosHelper::setSpeedTask()
 .text._ZN9RosHelper13setSpeedTask2Ev
                0x0000000008002368       0x22 Core/Src/RosHelper.o
                0x0000000008002368                RosHelper::setSpeedTask2()
 .text._ZN9RosHelper11encoderTaskEv
                0x000000000800238a       0x14 Core/Src/RosHelper.o
                0x000000000800238a                RosHelper::encoderTask()
 .text._ZN9RosHelper12encoderTask2Ev
                0x000000000800239e       0x14 Core/Src/RosHelper.o
                0x000000000800239e                RosHelper::encoderTask2()
 *fill*         0x00000000080023b2        0x2 
 .text._ZN9RosHelper17cmdvelTimeoutTaskEv
                0x00000000080023b4       0x40 Core/Src/RosHelper.o
                0x00000000080023b4                RosHelper::cmdvelTimeoutTask()
 .text._ZN3ros3Msg8varToArrIPhmEEvT_T0_
                0x00000000080023f4       0x10 Core/Src/RosHelper.o
                0x00000000080023f4                void ros::Msg::varToArr<unsigned char*, unsigned long>(unsigned char*, unsigned long)
 .text._ZNK14rosserial_msgs9TopicInfo9serializeEPh
                0x0000000008002404       0x86 Core/Src/RosHelper.o
                0x0000000008002404                rosserial_msgs::TopicInfo::serialize(unsigned char*) const
 .text._ZNK8std_msgs6Header9serializeEPh
                0x000000000800248a       0x60 Core/Src/RosHelper.o
                0x000000000800248a                std_msgs::Header::serialize(unsigned char*) const
 .text._ZNK13geometry_msgs25PoseWithCovarianceStamped9serializeEPh
                0x00000000080024ea       0x1c Core/Src/RosHelper.o
                0x00000000080024ea                geometry_msgs::PoseWithCovarianceStamped::serialize(unsigned char*) const
 .text._ZNK13geometry_msgs16TransformStamped9serializeEPh
                0x0000000008002506       0x3a Core/Src/RosHelper.o
                0x0000000008002506                geometry_msgs::TransformStamped::serialize(unsigned char*) const
 .text._ZNK8nav_msgs8Odometry9serializeEPh
                0x0000000008002540       0x46 Core/Src/RosHelper.o
                0x0000000008002540                nav_msgs::Odometry::serialize(unsigned char*) const
 .text._ZNK14rosserial_msgs20RequestParamResponse9serializeEPh
                0x0000000008002586      0x102 Core/Src/RosHelper.o
                0x0000000008002586                rosserial_msgs::RequestParamResponse::serialize(unsigned char*) const
 .text._ZNK14rosserial_msgs3Log9serializeEPh
                0x0000000008002688       0x2c Core/Src/RosHelper.o
                0x0000000008002688                rosserial_msgs::Log::serialize(unsigned char*) const
 .text._ZN3ros3Msg8arrToVarImPhEEvRT_T0_
                0x00000000080026b4       0x1e Core/Src/RosHelper.o
                0x00000000080026b4                void ros::Msg::arrToVar<unsigned long, unsigned char*>(unsigned long&, unsigned char*)
 .text._ZN8std_msgs6Header11deserializeEPh
                0x00000000080026d2       0x8a Core/Src/RosHelper.o
                0x00000000080026d2                std_msgs::Header::deserialize(unsigned char*)
 .text._ZN13geometry_msgs25PoseWithCovarianceStamped11deserializeEPh
                0x000000000800275c       0x1c Core/Src/RosHelper.o
                0x000000000800275c                geometry_msgs::PoseWithCovarianceStamped::deserialize(unsigned char*)
 .text._ZN3ros10SubscriberIN13geometry_msgs25PoseWithCovarianceStampedE17OdometryPublisherE8callbackEPh
                0x0000000008002778       0x34 Core/Src/RosHelper.o
                0x0000000008002778                ros::Subscriber<geometry_msgs::PoseWithCovarianceStamped, OdometryPublisher>::callback(unsigned char*)
 .text._ZN14rosserial_msgs9TopicInfo11deserializeEPh
                0x00000000080027ac       0xb6 Core/Src/RosHelper.o
                0x00000000080027ac                rosserial_msgs::TopicInfo::deserialize(unsigned char*)
 .text._ZN14rosserial_msgs20RequestParamResponse11deserializeEPh
                0x0000000008002862       0xf4 Core/Src/RosHelper.o
                0x0000000008002862                rosserial_msgs::RequestParamResponse::deserialize(unsigned char*)
 .text._ZN14rosserial_msgs3Log11deserializeEPh
                0x0000000008002956       0x36 Core/Src/RosHelper.o
                0x0000000008002956                rosserial_msgs::Log::deserialize(unsigned char*)
 .text._ZN8nav_msgs8Odometry11deserializeEPh
                0x000000000800298c       0x56 Core/Src/RosHelper.o
                0x000000000800298c                nav_msgs::Odometry::deserialize(unsigned char*)
 .text._ZN13geometry_msgs16TransformStamped11deserializeEPh
                0x00000000080029e2       0x4a Core/Src/RosHelper.o
                0x00000000080029e2                geometry_msgs::TransformStamped::deserialize(unsigned char*)
 .text._ZN2tf9tfMessage11deserializeEPh
                0x0000000008002a2c       0x54 Core/Src/RosHelper.o
                0x0000000008002a2c                tf::tfMessage::deserialize(unsigned char*)
 .text._ZN3ros11NodeHandle_I13STM32HardwareLi25ELi25ELi1024ELi1024EE15requestSyncTimeEv
                0x0000000008002a80       0x28 Core/Src/RosHelper.o
                0x0000000008002a80                ros::NodeHandle_<STM32Hardware, 25, 25, 1024, 1024>::requestSyncTime()
 .text._ZN3ros11NodeHandle_I13STM32HardwareLi25ELi25ELi1024ELi1024EE15negotiateTopicsEv
                0x0000000008002aa8       0xcc Core/Src/RosHelper.o
                0x0000000008002aa8                ros::NodeHandle_<STM32Hardware, 25, 25, 1024, 1024>::negotiateTopics()
 .text._ZN3ros11NodeHandle_I13STM32HardwareLi25ELi25ELi1024ELi1024EE8spinOnceEv
                0x0000000008002b74      0x2a0 Core/Src/RosHelper.o
                0x0000000008002b74                ros::NodeHandle_<STM32Hardware, 25, 25, 1024, 1024>::spinOnce()
 .text._ZN9RosHelper7rosLoopEv
                0x0000000008002e14       0xa4 Core/Src/RosHelper.o
                0x0000000008002e14                RosHelper::rosLoop()
 .text._ZN9RosHelper7RosTaskEv
                0x0000000008002eb8        0xc Core/Src/RosHelper.o
                0x0000000008002eb8                RosHelper::RosTask()
 .text._ZN11SetUpHelperD2Ev
                0x0000000008002ec4        0x2 Core/Src/SetUpHelper.o
                0x0000000008002ec4                SetUpHelper::~SetUpHelper()
                0x0000000008002ec4                SetUpHelper::~SetUpHelper()
 .text._ZN11SetUpHelperD0Ev
                0x0000000008002ec6       0x10 Core/Src/SetUpHelper.o
                0x0000000008002ec6                SetUpHelper::~SetUpHelper()
 *fill*         0x0000000008002ed6        0x2 
 .text._ZN11SetUpHelperC2Ev
                0x0000000008002ed8        0xc Core/Src/SetUpHelper.o
                0x0000000008002ed8                SetUpHelper::SetUpHelper()
                0x0000000008002ed8                SetUpHelper::SetUpHelper()
 .text._ZN11SetUpHelper18wait_for_readinessEv
                0x0000000008002ee4       0x44 Core/Src/SetUpHelper.o
                0x0000000008002ee4                SetUpHelper::wait_for_readiness()
 .text._ZN11SetUpHelper19set_default_networkEv
                0x0000000008002f28       0x3c Core/Src/SetUpHelper.o
                0x0000000008002f28                SetUpHelper::set_default_network()
 .text._ZN11SetUpHelper26set_default_robot_geometryEv
                0x0000000008002f64       0x48 Core/Src/SetUpHelper.o
                0x0000000008002f64                SetUpHelper::set_default_robot_geometry()
 .text._ZN11SetUpHelper23set_default_topics_nameEv
                0x0000000008002fac       0xc0 Core/Src/SetUpHelper.o
                0x0000000008002fac                SetUpHelper::set_default_topics_name()
 .text._ZN11SetUpHelper13calc_checksumEv
                0x000000000800306c       0x28 Core/Src/SetUpHelper.o
                0x000000000800306c                SetUpHelper::calc_checksum()
 .text._ZN11SetUpHelper14check_checksumEPht
                0x0000000008003094       0x22 Core/Src/SetUpHelper.o
                0x0000000008003094                SetUpHelper::check_checksum(unsigned char*, unsigned short)
 *fill*         0x00000000080030b6        0x2 
 .text._ZN11SetUpHelper12memory_writeEv
                0x00000000080030b8       0x60 Core/Src/SetUpHelper.o
                0x00000000080030b8                SetUpHelper::memory_write()
 .text._ZN11SetUpHelper11memory_readEt
                0x0000000008003118       0x5c Core/Src/SetUpHelper.o
                0x0000000008003118                SetUpHelper::memory_read(unsigned short)
 .text._ZN11SetUpHelper6is_setEv
                0x0000000008003174       0x48 Core/Src/SetUpHelper.o
                0x0000000008003174                SetUpHelper::is_set()
 .text._ZN11SetUpHelper11set_defaultEb
                0x00000000080031bc       0x84 Core/Src/SetUpHelper.o
                0x00000000080031bc                SetUpHelper::set_default(bool)
 .text._ZN11SetUpHelper13read_mem_sizeEv
                0x0000000008003240       0x3c Core/Src/SetUpHelper.o
                0x0000000008003240                SetUpHelper::read_mem_size()
 .text._ZN11SetUpHelper17extract_variablesEv
                0x000000000800327c      0x1b8 Core/Src/SetUpHelper.o
                0x000000000800327c                SetUpHelper::extract_variables()
 .text._ZN11SetUpHelper15get_curr_memoryEPh
                0x0000000008003434       0x38 Core/Src/SetUpHelper.o
                0x0000000008003434                SetUpHelper::get_curr_memory(unsigned char*)
 .text._ZN11SetUpHelper3setEPh
                0x000000000800346c       0x88 Core/Src/SetUpHelper.o
                0x000000000800346c                SetUpHelper::set(unsigned char*)
 .text._ZN11SetUpHelper16set_default_taskEv
                0x00000000080034f4       0x24 Core/Src/SetUpHelper.o
                0x00000000080034f4                SetUpHelper::set_default_task()
 .text._ZN11SetUpHelper27set_default_network_routingEv
                0x0000000008003518       0x20 Core/Src/SetUpHelper.o
                0x0000000008003518                SetUpHelper::set_default_network_routing()
 .text._ZN11SetUpHelper8read_allEv
                0x0000000008003538       0x58 Core/Src/SetUpHelper.o
                0x0000000008003538                SetUpHelper::read_all()
 .text._ZN11SetUpHelper11memory_initEP19__I2C_HandleTypeDef
                0x0000000008003590       0x38 Core/Src/SetUpHelper.o
                0x0000000008003590                SetUpHelper::memory_init(__I2C_HandleTypeDef*)
 .text._ZN11SetUpHelper19set_network_routingEPhS0_S0_b
                0x00000000080035c8       0x1c Core/Src/SetUpHelper.o
                0x00000000080035c8                SetUpHelper::set_network_routing(unsigned char*, unsigned char*, unsigned char*, bool)
 .text._ZN12SocketClientD2Ev
                0x00000000080035e4        0x2 Core/Src/SocketClient.o
                0x00000000080035e4                SocketClient::~SocketClient()
                0x00000000080035e4                SocketClient::~SocketClient()
 .text._ZN12SocketClientD0Ev
                0x00000000080035e6        0xe Core/Src/SocketClient.o
                0x00000000080035e6                SocketClient::~SocketClient()
 .text._ZN12SocketClientC2Ev
                0x00000000080035f4        0xc Core/Src/SocketClient.o
                0x00000000080035f4                SocketClient::SocketClient()
                0x00000000080035f4                SocketClient::SocketClient()
 .text._ZN12SocketClient4initEtPht
                0x0000000008003600       0x58 Core/Src/SocketClient.o
                0x0000000008003600                SocketClient::init(unsigned short, unsigned char*, unsigned short)
 .text._ZN12SocketClient11check_errnoEv
                0x0000000008003658       0x2c Core/Src/SocketClient.o
                0x0000000008003658                SocketClient::check_errno()
 .text._ZN12SocketClient16SocketClientTaskEv
                0x0000000008003684      0x14c Core/Src/SocketClient.o
                0x0000000008003684                SocketClient::SocketClientTask()
 .text._ZN12SocketClient11check_errnoEi
                0x00000000080037d0        0xc Core/Src/SocketClient.o
                0x00000000080037d0                SocketClient::check_errno(int)
 .text._ZN12SocketClient14socket_receiveEPhtPm
                0x00000000080037dc       0x70 Core/Src/SocketClient.o
                0x00000000080037dc                SocketClient::socket_receive(unsigned char*, unsigned short, unsigned long*)
 .text._ZN12SocketClient11socket_sendEPht
                0x000000000800384c       0x5c Core/Src/SocketClient.o
                0x000000000800384c                SocketClient::socket_send(unsigned char*, unsigned short)
 .text._ZN12SocketServerD2Ev
                0x00000000080038a8        0x2 Core/Src/SocketServer.o
                0x00000000080038a8                SocketServer::~SocketServer()
                0x00000000080038a8                SocketServer::~SocketServer()
 .text._ZN12SocketServerD0Ev
                0x00000000080038aa       0x10 Core/Src/SocketServer.o
                0x00000000080038aa                SocketServer::~SocketServer()
 *fill*         0x00000000080038ba        0x2 
 .text._ZN12SocketServerC2Ev
                0x00000000080038bc       0x2c Core/Src/SocketServer.o
                0x00000000080038bc                SocketServer::SocketServer()
                0x00000000080038bc                SocketServer::SocketServer()
 .text._ZN12SocketServer4initEP11SetUpHelper
                0x00000000080038e8       0x3c Core/Src/SocketServer.o
                0x00000000080038e8                SocketServer::init(SetUpHelper*)
 .text._ZN12SocketServer14socket_receiveEPhtPm
                0x0000000008003924       0x18 Core/Src/SocketServer.o
                0x0000000008003924                SocketServer::socket_receive(unsigned char*, unsigned short, unsigned long*)
 .text._ZN12SocketServer11socket_sendEPht
                0x000000000800393c        0xe Core/Src/SocketServer.o
                0x000000000800393c                SocketServer::socket_send(unsigned char*, unsigned short)
 .text._ZN12SocketServer12start_serverEv
                0x000000000800394a       0x36 Core/Src/SocketServer.o
                0x000000000800394a                SocketServer::start_server()
 .text._ZN12SocketServer16SocketServerTaskEv
                0x0000000008003980       0x8c Core/Src/SocketServer.o
                0x0000000008003980                SocketServer::SocketServerTask()
 .text._ZN10UartLoggerD2Ev
                0x0000000008003a0c        0x2 Core/Src/UartLogger.o
                0x0000000008003a0c                UartLogger::~UartLogger()
                0x0000000008003a0c                UartLogger::~UartLogger()
 .text._ZN10UartLoggerD0Ev
                0x0000000008003a0e        0xe Core/Src/UartLogger.o
                0x0000000008003a0e                UartLogger::~UartLogger()
 .text._ZN10UartLoggerC2Ev
                0x0000000008003a1c       0x14 Core/Src/UartLogger.o
                0x0000000008003a1c                UartLogger::UartLogger()
                0x0000000008003a1c                UartLogger::UartLogger()
 .text._ZN10UartLogger3logEPKc
                0x0000000008003a30       0x1e Core/Src/UartLogger.o
                0x0000000008003a30                UartLogger::log(char const*)
 .text._ZN10UartLogger19logBuildInformationEv
                0x0000000008003a4e        0x6 Core/Src/UartLogger.o
                0x0000000008003a4e                UartLogger::logBuildInformation()
 .text._ZN10UartLogger7setUartEP20__UART_HandleTypeDef
                0x0000000008003a54        0x4 Core/Src/UartLogger.o
                0x0000000008003a54                UartLogger::setUart(__UART_HandleTypeDef*)
 .text.vApplicationGetIdleTaskMemory
                0x0000000008003a58       0x18 Core/Src/freertos.o
                0x0000000008003a58                vApplicationGetIdleTaskMemory
 .text.vApplicationGetTimerTaskMemory
                0x0000000008003a70       0x18 Core/Src/freertos.o
                0x0000000008003a70                vApplicationGetTimerTaskMemory
 .text.finish_dhcp_setup
                0x0000000008003a88        0xc Core/Src/lwip_init.o
                0x0000000008003a88                finish_dhcp_setup
 .text.setup_static_routing
                0x0000000008003a94       0x84 Core/Src/lwip_init.o
                0x0000000008003a94                setup_static_routing
 .text.setup_network_interface
                0x0000000008003b18       0x58 Core/Src/lwip_init.o
                0x0000000008003b18                setup_network_interface
 .text.LWIP_Init_static_routing
                0x0000000008003b70        0xe Core/Src/lwip_init.o
                0x0000000008003b70                LWIP_Init_static_routing
 *fill*         0x0000000008003b7e        0x2 
 .text.LWIP_Init_dynamic_routing
                0x0000000008003b80       0x68 Core/Src/lwip_init.o
                0x0000000008003b80                LWIP_Init_dynamic_routing
 .text.LWIP_Init
                0x0000000008003be8       0x84 Core/Src/lwip_init.o
                0x0000000008003be8                LWIP_Init
 .text.StartDefaultTask
                0x0000000008003c6c       0x54 Core/Src/main.o
                0x0000000008003c6c                StartDefaultTask
 .text.SystemClock_Config
                0x0000000008003cc0       0xa8 Core/Src/main.o
                0x0000000008003cc0                SystemClock_Config
 .text.startup.main
                0x0000000008003d68      0x3f4 Core/Src/main.o
                0x0000000008003d68                main
 .text.HAL_TIM_PeriodElapsedCallback
                0x000000000800415c        0xe Core/Src/main.o
                0x000000000800415c                HAL_TIM_PeriodElapsedCallback
 *fill*         0x000000000800416a        0x2 
 .text._Z20StartSocetClientTaskPv
                0x000000000800416c        0xc Core/Src/mainpp.o
                0x000000000800416c                StartSocetClientTask(void*)
 .text._Z20StartSocetServerTaskPv
                0x0000000008004178        0xc Core/Src/mainpp.o
                0x0000000008004178                StartSocetServerTask(void*)
 .text._Z12StartRosTaskPv
                0x0000000008004184        0xc Core/Src/mainpp.o
                0x0000000008004184                StartRosTask(void*)
 .text._Z17StartSetSpeedTaskPv
                0x0000000008004190        0xc Core/Src/mainpp.o
                0x0000000008004190                StartSetSpeedTask(void*)
 .text._Z18StartSetSpeedTask2Pv
                0x000000000800419c        0xc Core/Src/mainpp.o
                0x000000000800419c                StartSetSpeedTask2(void*)
 .text._Z16StartEncoderTaskPv
                0x00000000080041a8        0xc Core/Src/mainpp.o
                0x00000000080041a8                StartEncoderTask(void*)
 .text._Z17StartEncoderTask2Pv
                0x00000000080041b4        0xc Core/Src/mainpp.o
                0x00000000080041b4                StartEncoderTask2(void*)
 .text._Z22StartCmdvelTimeoutRaskPv
                0x00000000080041c0        0xc Core/Src/mainpp.o
                0x00000000080041c0                StartCmdvelTimeoutRask(void*)
 .text._Z28StartHardFaultHanlerTaskRaskPv
                0x00000000080041cc       0x1c Core/Src/mainpp.o
                0x00000000080041cc                StartHardFaultHanlerTaskRask(void*)
 .text._Z27StartSetDefaultListenerRaskPv
                0x00000000080041e8        0xc Core/Src/mainpp.o
                0x00000000080041e8                StartSetDefaultListenerRask(void*)
 .text.memory_setup
                0x00000000080041f4       0x24 Core/Src/mainpp.o
                0x00000000080041f4                memory_setup
 .text.external_memory_init
                0x0000000008004218        0xc Core/Src/mainpp.o
                0x0000000008004218                external_memory_init
 .text.threds_setup
                0x0000000008004224      0x144 Core/Src/mainpp.o
                0x0000000008004224                threds_setup
 .text.get_local_ip_ptr
                0x0000000008004368        0x8 Core/Src/mainpp.o
                0x0000000008004368                get_local_ip_ptr
 .text.get_network_mask_ptr
                0x0000000008004370        0x8 Core/Src/mainpp.o
                0x0000000008004370                get_network_mask_ptr
 .text.get_gateaway_ptr
                0x0000000008004378        0x8 Core/Src/mainpp.o
                0x0000000008004378                get_gateaway_ptr
 .text.is_use_dhcp
                0x0000000008004380        0xc Core/Src/mainpp.o
                0x0000000008004380                is_use_dhcp
 .text.set_default_network_routing
                0x000000000800438c        0xc Core/Src/mainpp.o
                0x000000000800438c                set_default_network_routing
 .text.set_network_routing
                0x0000000008004398       0x1c Core/Src/mainpp.o
                0x0000000008004398                set_network_routing
 .text.log_startup
                0x00000000080043b4        0xc Core/Src/mainpp.o
                0x00000000080043b4                log_startup
 .text.init_UartLogger
                0x00000000080043c0        0xc Core/Src/mainpp.o
                0x00000000080043c0                init_UartLogger
 .text.startup._GLOBAL__sub_I_heap_sram2
                0x00000000080043cc       0x38 Core/Src/mainpp.o
 .text.exit._GLOBAL__sub_D_heap_sram2
                0x0000000008004404       0x38 Core/Src/mainpp.o
 .text.HAL_MspInit
                0x000000000800443c       0x40 Core/Src/stm32f4xx_hal_msp.o
                0x000000000800443c                HAL_MspInit
 .text.HAL_I2C_MspInit
                0x000000000800447c       0x70 Core/Src/stm32f4xx_hal_msp.o
                0x000000000800447c                HAL_I2C_MspInit
 .text.HAL_RTC_MspInit
                0x00000000080044ec       0x18 Core/Src/stm32f4xx_hal_msp.o
                0x00000000080044ec                HAL_RTC_MspInit
 .text.HAL_SD_MspInit
                0x0000000008004504       0x9c Core/Src/stm32f4xx_hal_msp.o
                0x0000000008004504                HAL_SD_MspInit
 .text.HAL_TIM_Encoder_MspInit
                0x00000000080045a0       0xb8 Core/Src/stm32f4xx_hal_msp.o
                0x00000000080045a0                HAL_TIM_Encoder_MspInit
 .text.HAL_TIM_Base_MspInit
                0x0000000008004658       0x54 Core/Src/stm32f4xx_hal_msp.o
                0x0000000008004658                HAL_TIM_Base_MspInit
 .text.HAL_TIM_MspPostInit
                0x00000000080046ac       0x8c Core/Src/stm32f4xx_hal_msp.o
                0x00000000080046ac                HAL_TIM_MspPostInit
 .text.HAL_UART_MspInit
                0x0000000008004738       0x6c Core/Src/stm32f4xx_hal_msp.o
                0x0000000008004738                HAL_UART_MspInit
 .text.HAL_InitTick
                0x00000000080047a4       0x78 Core/Src/stm32f4xx_hal_timebase_tim.o
                0x00000000080047a4                HAL_InitTick
 .text.NMI_Handler
                0x000000000800481c        0x2 Core/Src/stm32f4xx_it.o
                0x000000000800481c                NMI_Handler
 .text.HardFault_Handler
                0x000000000800481e        0x2 Core/Src/stm32f4xx_it.o
                0x000000000800481e                HardFault_Handler
 .text.MemManage_Handler
                0x0000000008004820        0x2 Core/Src/stm32f4xx_it.o
                0x0000000008004820                MemManage_Handler
 .text.BusFault_Handler
                0x0000000008004822        0x2 Core/Src/stm32f4xx_it.o
                0x0000000008004822                BusFault_Handler
 .text.UsageFault_Handler
                0x0000000008004824        0x2 Core/Src/stm32f4xx_it.o
                0x0000000008004824                UsageFault_Handler
 .text.DebugMon_Handler
                0x0000000008004826        0x2 Core/Src/stm32f4xx_it.o
                0x0000000008004826                DebugMon_Handler
 .text.EXTI0_IRQHandler
                0x0000000008004828        0x6 Core/Src/stm32f4xx_it.o
                0x0000000008004828                EXTI0_IRQHandler
 *fill*         0x000000000800482e        0x2 
 .text.TIM2_IRQHandler
                0x0000000008004830        0xc Core/Src/stm32f4xx_it.o
                0x0000000008004830                TIM2_IRQHandler
 .text.ETH_IRQHandler
                0x000000000800483c        0xc Core/Src/stm32f4xx_it.o
                0x000000000800483c                ETH_IRQHandler
 .text._read    0x0000000008004848       0x1c Core/Src/syscalls.o
                0x0000000008004848                _read
 .text._write   0x0000000008004864       0x1c Core/Src/syscalls.o
                0x0000000008004864                _write
 .text._close   0x0000000008004880        0x6 Core/Src/syscalls.o
                0x0000000008004880                _close
 .text._fstat   0x0000000008004886        0xa Core/Src/syscalls.o
                0x0000000008004886                _fstat
 .text._isatty  0x0000000008004890        0x4 Core/Src/syscalls.o
                0x0000000008004890                _isatty
 .text._lseek   0x0000000008004894        0x4 Core/Src/syscalls.o
                0x0000000008004894                _lseek
 .text._sbrk    0x0000000008004898       0x34 Core/Src/sysmem.o
                0x0000000008004898                _sbrk
 .text.SystemInit
                0x00000000080048cc       0x1c Core/Src/system_stm32f4xx.o
                0x00000000080048cc                SystemInit
 .text.Reset_Handler
                0x00000000080048e8       0x50 Core/Startup/startup_stm32f407vgtx.o
                0x00000000080048e8                Reset_Handler
 .text.Default_Handler
                0x0000000008004938        0x2 Core/Startup/startup_stm32f407vgtx.o
                0x0000000008004938                RTC_Alarm_IRQHandler
                0x0000000008004938                HASH_RNG_IRQHandler
                0x0000000008004938                EXTI2_IRQHandler
                0x0000000008004938                TIM8_CC_IRQHandler
                0x0000000008004938                TIM1_CC_IRQHandler
                0x0000000008004938                DMA2_Stream5_IRQHandler
                0x0000000008004938                DMA1_Stream5_IRQHandler
                0x0000000008004938                PVD_IRQHandler
                0x0000000008004938                SDIO_IRQHandler
                0x0000000008004938                TAMP_STAMP_IRQHandler
                0x0000000008004938                CAN2_RX1_IRQHandler
                0x0000000008004938                EXTI3_IRQHandler
                0x0000000008004938                TIM8_TRG_COM_TIM14_IRQHandler
                0x0000000008004938                TIM1_UP_TIM10_IRQHandler
                0x0000000008004938                TIM8_UP_TIM13_IRQHandler
                0x0000000008004938                I2C3_ER_IRQHandler
                0x0000000008004938                I2C2_EV_IRQHandler
                0x0000000008004938                DMA1_Stream2_IRQHandler
                0x0000000008004938                CAN1_RX0_IRQHandler
                0x0000000008004938                FPU_IRQHandler
                0x0000000008004938                OTG_HS_WKUP_IRQHandler
                0x0000000008004938                CAN2_SCE_IRQHandler
                0x0000000008004938                DMA2_Stream2_IRQHandler
                0x0000000008004938                SPI1_IRQHandler
                0x0000000008004938                TIM6_DAC_IRQHandler
                0x0000000008004938                TIM1_BRK_TIM9_IRQHandler
                0x0000000008004938                DCMI_IRQHandler
                0x0000000008004938                CAN2_RX0_IRQHandler
                0x0000000008004938                DMA2_Stream3_IRQHandler
                0x0000000008004938                USART6_IRQHandler
                0x0000000008004938                USART3_IRQHandler
                0x0000000008004938                CAN1_RX1_IRQHandler
                0x0000000008004938                UART5_IRQHandler
                0x0000000008004938                DMA2_Stream0_IRQHandler
                0x0000000008004938                TIM4_IRQHandler
                0x0000000008004938                I2C1_EV_IRQHandler
                0x0000000008004938                DMA1_Stream6_IRQHandler
                0x0000000008004938                DMA1_Stream1_IRQHandler
                0x0000000008004938                UART4_IRQHandler
                0x0000000008004938                TIM3_IRQHandler
                0x0000000008004938                RCC_IRQHandler
                0x0000000008004938                TIM8_BRK_TIM12_IRQHandler
                0x0000000008004938                Default_Handler
                0x0000000008004938                EXTI15_10_IRQHandler
                0x0000000008004938                ADC_IRQHandler
                0x0000000008004938                DMA1_Stream7_IRQHandler
                0x0000000008004938                TIM7_IRQHandler
                0x0000000008004938                CAN2_TX_IRQHandler
                0x0000000008004938                TIM5_IRQHandler
                0x0000000008004938                DMA2_Stream7_IRQHandler
                0x0000000008004938                I2C3_EV_IRQHandler
                0x0000000008004938                EXTI9_5_IRQHandler
                0x0000000008004938                RTC_WKUP_IRQHandler
                0x0000000008004938                ETH_WKUP_IRQHandler
                0x0000000008004938                SPI2_IRQHandler
                0x0000000008004938                OTG_HS_EP1_IN_IRQHandler
                0x0000000008004938                DMA1_Stream0_IRQHandler
                0x0000000008004938                CAN1_TX_IRQHandler
                0x0000000008004938                EXTI4_IRQHandler
                0x0000000008004938                FSMC_IRQHandler
                0x0000000008004938                OTG_HS_EP1_OUT_IRQHandler
                0x0000000008004938                WWDG_IRQHandler
                0x0000000008004938                OTG_FS_WKUP_IRQHandler
                0x0000000008004938                TIM1_TRG_COM_TIM11_IRQHandler
                0x0000000008004938                OTG_HS_IRQHandler
                0x0000000008004938                EXTI1_IRQHandler
                0x0000000008004938                USART2_IRQHandler
                0x0000000008004938                I2C2_ER_IRQHandler
                0x0000000008004938                DMA2_Stream1_IRQHandler
                0x0000000008004938                CAN1_SCE_IRQHandler
                0x0000000008004938                FLASH_IRQHandler
                0x0000000008004938                DMA2_Stream4_IRQHandler
                0x0000000008004938                USART1_IRQHandler
                0x0000000008004938                OTG_FS_IRQHandler
                0x0000000008004938                SPI3_IRQHandler
                0x0000000008004938                DMA1_Stream4_IRQHandler
                0x0000000008004938                I2C1_ER_IRQHandler
                0x0000000008004938                DMA2_Stream6_IRQHandler
                0x0000000008004938                DMA1_Stream3_IRQHandler
 *fill*         0x000000000800493a        0x2 
 .text.HAL_Init
                0x000000000800493c       0x34 Drivers/STM32F4xx_HAL_Driver/Src/stm32f4xx_hal.o
                0x000000000800493c                HAL_Init
 .text.HAL_IncTick
                0x0000000008004970       0x18 Drivers/STM32F4xx_HAL_Driver/Src/stm32f4xx_hal.o
                0x0000000008004970                HAL_IncTick
 .text.HAL_GetTick
                0x0000000008004988        0xc Drivers/STM32F4xx_HAL_Driver/Src/stm32f4xx_hal.o
                0x0000000008004988                HAL_GetTick
 .text.HAL_Delay
                0x0000000008004994       0x28 Drivers/STM32F4xx_HAL_Driver/Src/stm32f4xx_hal.o
                0x0000000008004994                HAL_Delay
 .text.HAL_NVIC_SetPriorityGrouping
                0x00000000080049bc       0x24 Drivers/STM32F4xx_HAL_Driver/Src/stm32f4xx_hal_cortex.o
                0x00000000080049bc                HAL_NVIC_SetPriorityGrouping
 .text.HAL_NVIC_SetPriority
                0x00000000080049e0       0x68 Drivers/STM32F4xx_HAL_Driver/Src/stm32f4xx_hal_cortex.o
                0x00000000080049e0                HAL_NVIC_SetPriority
 .text.HAL_NVIC_EnableIRQ
                0x0000000008004a48       0x1c Drivers/STM32F4xx_HAL_Driver/Src/stm32f4xx_hal_cortex.o
                0x0000000008004a48                HAL_NVIC_EnableIRQ
 .text.HAL_DMA_Start_IT
                0x0000000008004a64       0x74 Drivers/STM32F4xx_HAL_Driver/Src/stm32f4xx_hal_dma.o
                0x0000000008004a64                HAL_DMA_Start_IT
 .text.HAL_DMA_GetError
                0x0000000008004ad8        0x4 Drivers/STM32F4xx_HAL_Driver/Src/stm32f4xx_hal_dma.o
                0x0000000008004ad8                HAL_DMA_GetError
 .text.ETH_Delay.constprop.4
                0x0000000008004adc       0x24 Drivers/STM32F4xx_HAL_Driver/Src/stm32f4xx_hal_eth.o
 .text.ETH_FlushTransmitFIFO
                0x0000000008004b00       0x28 Drivers/STM32F4xx_HAL_Driver/Src/stm32f4xx_hal_eth.o
 .text.ETH_MACDMAConfig
                0x0000000008004b28       0xf8 Drivers/STM32F4xx_HAL_Driver/Src/stm32f4xx_hal_eth.o
 .text.HAL_ETH_DMATxDescListInit
                0x0000000008004c20       0x78 Drivers/STM32F4xx_HAL_Driver/Src/stm32f4xx_hal_eth.o
                0x0000000008004c20                HAL_ETH_DMATxDescListInit
 .text.HAL_ETH_DMARxDescListInit
                0x0000000008004c98       0x74 Drivers/STM32F4xx_HAL_Driver/Src/stm32f4xx_hal_eth.o
                0x0000000008004c98                HAL_ETH_DMARxDescListInit
 .text.HAL_ETH_TransmitFrame
                0x0000000008004d0c       0xe8 Drivers/STM32F4xx_HAL_Driver/Src/stm32f4xx_hal_eth.o
                0x0000000008004d0c                HAL_ETH_TransmitFrame
 .text.HAL_ETH_GetReceivedFrame_IT
                0x0000000008004df4       0x8a Drivers/STM32F4xx_HAL_Driver/Src/stm32f4xx_hal_eth.o
                0x0000000008004df4                HAL_ETH_GetReceivedFrame_IT
 .text.HAL_ETH_TxCpltCallback
                0x0000000008004e7e        0x2 Drivers/STM32F4xx_HAL_Driver/Src/stm32f4xx_hal_eth.o
                0x0000000008004e7e                HAL_ETH_TxCpltCallback
 .text.HAL_ETH_ErrorCallback
                0x0000000008004e80        0x2 Drivers/STM32F4xx_HAL_Driver/Src/stm32f4xx_hal_eth.o
                0x0000000008004e80                HAL_ETH_ErrorCallback
 .text.HAL_ETH_IRQHandler
                0x0000000008004e82       0x70 Drivers/STM32F4xx_HAL_Driver/Src/stm32f4xx_hal_eth.o
                0x0000000008004e82                HAL_ETH_IRQHandler
 .text.HAL_ETH_ReadPHYRegister
                0x0000000008004ef2       0x74 Drivers/STM32F4xx_HAL_Driver/Src/stm32f4xx_hal_eth.o
                0x0000000008004ef2                HAL_ETH_ReadPHYRegister
 .text.HAL_ETH_WritePHYRegister
                0x0000000008004f66       0x6e Drivers/STM32F4xx_HAL_Driver/Src/stm32f4xx_hal_eth.o
                0x0000000008004f66                HAL_ETH_WritePHYRegister
 .text.HAL_ETH_Init
                0x0000000008004fd4      0x1f8 Drivers/STM32F4xx_HAL_Driver/Src/stm32f4xx_hal_eth.o
                0x0000000008004fd4                HAL_ETH_Init
 .text.HAL_ETH_Start
                0x00000000080051cc       0x78 Drivers/STM32F4xx_HAL_Driver/Src/stm32f4xx_hal_eth.o
                0x00000000080051cc                HAL_ETH_Start
 .text.HAL_GPIO_Init
                0x0000000008005244      0x1c0 Drivers/STM32F4xx_HAL_Driver/Src/stm32f4xx_hal_gpio.o
                0x0000000008005244                HAL_GPIO_Init
 .text.HAL_GPIO_ReadPin
                0x0000000008005404        0xc Drivers/STM32F4xx_HAL_Driver/Src/stm32f4xx_hal_gpio.o
                0x0000000008005404                HAL_GPIO_ReadPin
 .text.HAL_GPIO_WritePin
                0x0000000008005410        0xa Drivers/STM32F4xx_HAL_Driver/Src/stm32f4xx_hal_gpio.o
                0x0000000008005410                HAL_GPIO_WritePin
 .text.HAL_GPIO_TogglePin
                0x000000000800541a        0xe Drivers/STM32F4xx_HAL_Driver/Src/stm32f4xx_hal_gpio.o
                0x000000000800541a                HAL_GPIO_TogglePin
 .text.HAL_GPIO_EXTI_Callback
                0x0000000008005428        0x2 Drivers/STM32F4xx_HAL_Driver/Src/stm32f4xx_hal_gpio.o
                0x0000000008005428                HAL_GPIO_EXTI_Callback
 *fill*         0x000000000800542a        0x2 
 .text.HAL_GPIO_EXTI_IRQHandler
                0x000000000800542c       0x18 Drivers/STM32F4xx_HAL_Driver/Src/stm32f4xx_hal_gpio.o
                0x000000000800542c                HAL_GPIO_EXTI_IRQHandler
 .text.I2C_IsAcknowledgeFailed
                0x0000000008005444       0x34 Drivers/STM32F4xx_HAL_Driver/Src/stm32f4xx_hal_i2c.o
 .text.I2C_WaitOnMasterAddressFlagUntilTimeout
                0x0000000008005478       0x74 Drivers/STM32F4xx_HAL_Driver/Src/stm32f4xx_hal_i2c.o
 .text.I2C_WaitOnBTFFlagUntilTimeout
                0x00000000080054ec       0x4c Drivers/STM32F4xx_HAL_Driver/Src/stm32f4xx_hal_i2c.o
 .text.I2C_WaitOnRXNEFlagUntilTimeout
                0x0000000008005538       0x5e Drivers/STM32F4xx_HAL_Driver/Src/stm32f4xx_hal_i2c.o
 .text.I2C_WaitOnFlagUntilTimeout
                0x0000000008005596       0x62 Drivers/STM32F4xx_HAL_Driver/Src/stm32f4xx_hal_i2c.o
 .text.I2C_WaitOnTXEFlagUntilTimeout
                0x00000000080055f8       0x4c Drivers/STM32F4xx_HAL_Driver/Src/stm32f4xx_hal_i2c.o
 .text.I2C_RequestMemoryWrite
                0x0000000008005644       0xac Drivers/STM32F4xx_HAL_Driver/Src/stm32f4xx_hal_i2c.o
 .text.I2C_RequestMemoryRead
                0x00000000080056f0       0xfc Drivers/STM32F4xx_HAL_Driver/Src/stm32f4xx_hal_i2c.o
 .text.HAL_I2C_Init
                0x00000000080057ec      0x158 Drivers/STM32F4xx_HAL_Driver/Src/stm32f4xx_hal_i2c.o
                0x00000000080057ec                HAL_I2C_Init
 .text.HAL_I2C_Mem_Write
                0x0000000008005944      0x120 Drivers/STM32F4xx_HAL_Driver/Src/stm32f4xx_hal_i2c.o
                0x0000000008005944                HAL_I2C_Mem_Write
 .text.HAL_I2C_Mem_Read
                0x0000000008005a64      0x218 Drivers/STM32F4xx_HAL_Driver/Src/stm32f4xx_hal_i2c.o
                0x0000000008005a64                HAL_I2C_Mem_Read
 .text.HAL_I2C_IsDeviceReady
                0x0000000008005c7c      0x160 Drivers/STM32F4xx_HAL_Driver/Src/stm32f4xx_hal_i2c.o
                0x0000000008005c7c                HAL_I2C_IsDeviceReady
 .text.HAL_RCC_OscConfig
                0x0000000008005ddc      0x34c Drivers/STM32F4xx_HAL_Driver/Src/stm32f4xx_hal_rcc.o
                0x0000000008005ddc                HAL_RCC_OscConfig
 .text.HAL_RCC_GetSysClockFreq
                0x0000000008006128       0x5c Drivers/STM32F4xx_HAL_Driver/Src/stm32f4xx_hal_rcc.o
                0x0000000008006128                HAL_RCC_GetSysClockFreq
 .text.HAL_RCC_ClockConfig
                0x0000000008006184      0x134 Drivers/STM32F4xx_HAL_Driver/Src/stm32f4xx_hal_rcc.o
                0x0000000008006184                HAL_RCC_ClockConfig
 .text.HAL_RCC_GetHCLKFreq
                0x00000000080062b8        0xc Drivers/STM32F4xx_HAL_Driver/Src/stm32f4xx_hal_rcc.o
                0x00000000080062b8                HAL_RCC_GetHCLKFreq
 .text.HAL_RCC_GetPCLK1Freq
                0x00000000080062c4       0x20 Drivers/STM32F4xx_HAL_Driver/Src/stm32f4xx_hal_rcc.o
                0x00000000080062c4                HAL_RCC_GetPCLK1Freq
 .text.HAL_RCC_GetPCLK2Freq
                0x00000000080062e4       0x20 Drivers/STM32F4xx_HAL_Driver/Src/stm32f4xx_hal_rcc.o
                0x00000000080062e4                HAL_RCC_GetPCLK2Freq
 .text.HAL_RCC_GetClockConfig
                0x0000000008006304       0x3c Drivers/STM32F4xx_HAL_Driver/Src/stm32f4xx_hal_rcc.o
                0x0000000008006304                HAL_RCC_GetClockConfig
 .text.HAL_RCCEx_PeriphCLKConfig
                0x0000000008006340      0x130 Drivers/STM32F4xx_HAL_Driver/Src/stm32f4xx_hal_rcc_ex.o
                0x0000000008006340                HAL_RCCEx_PeriphCLKConfig
 .text.HAL_RTC_WaitForSynchro
                0x0000000008006470       0x30 Drivers/STM32F4xx_HAL_Driver/Src/stm32f4xx_hal_rtc.o
                0x0000000008006470                HAL_RTC_WaitForSynchro
 .text.RTC_EnterInitMode
                0x00000000080064a0       0x34 Drivers/STM32F4xx_HAL_Driver/Src/stm32f4xx_hal_rtc.o
                0x00000000080064a0                RTC_EnterInitMode
 .text.HAL_RTC_Init
                0x00000000080064d4       0x9c Drivers/STM32F4xx_HAL_Driver/Src/stm32f4xx_hal_rtc.o
                0x00000000080064d4                HAL_RTC_Init
 .text.SD_DMATransmitCplt
                0x0000000008006570        0xe Drivers/STM32F4xx_HAL_Driver/Src/stm32f4xx_hal_sd.o
 .text.SD_FindSCR
                0x000000000800657e       0xca Drivers/STM32F4xx_HAL_Driver/Src/stm32f4xx_hal_sd.o
 .text.HAL_SD_ReadBlocks_DMA
                0x0000000008006648      0x12c Drivers/STM32F4xx_HAL_Driver/Src/stm32f4xx_hal_sd.o
                0x0000000008006648                HAL_SD_ReadBlocks_DMA
 .text.HAL_SD_WriteBlocks_DMA
                0x0000000008006774      0x130 Drivers/STM32F4xx_HAL_Driver/Src/stm32f4xx_hal_sd.o
                0x0000000008006774                HAL_SD_WriteBlocks_DMA
 .text.HAL_SD_ErrorCallback
                0x00000000080068a4        0x2 Drivers/STM32F4xx_HAL_Driver/Src/stm32f4xx_hal_sd.o
                0x00000000080068a4                HAL_SD_ErrorCallback
 .text.SD_DMAReceiveCplt
                0x00000000080068a6       0x40 Drivers/STM32F4xx_HAL_Driver/Src/stm32f4xx_hal_sd.o
 *fill*         0x00000000080068e6        0x2 
 .text.HAL_SD_GetCardCSD
                0x00000000080068e8      0x16c Drivers/STM32F4xx_HAL_Driver/Src/stm32f4xx_hal_sd.o
                0x00000000080068e8                HAL_SD_GetCardCSD
 .text.HAL_SD_InitCard
                0x0000000008006a54      0x1e8 Drivers/STM32F4xx_HAL_Driver/Src/stm32f4xx_hal_sd.o
                0x0000000008006a54                HAL_SD_InitCard
 .text.HAL_SD_Init
                0x0000000008006c3c       0x36 Drivers/STM32F4xx_HAL_Driver/Src/stm32f4xx_hal_sd.o
                0x0000000008006c3c                HAL_SD_Init
 .text.HAL_SD_GetCardInfo
                0x0000000008006c72       0x24 Drivers/STM32F4xx_HAL_Driver/Src/stm32f4xx_hal_sd.o
                0x0000000008006c72                HAL_SD_GetCardInfo
 *fill*         0x0000000008006c96        0x2 
 .text.HAL_SD_ConfigWideBusOperation
                0x0000000008006c98      0x108 Drivers/STM32F4xx_HAL_Driver/Src/stm32f4xx_hal_sd.o
                0x0000000008006c98                HAL_SD_ConfigWideBusOperation
 .text.HAL_SD_GetCardState
                0x0000000008006da0       0x28 Drivers/STM32F4xx_HAL_Driver/Src/stm32f4xx_hal_sd.o
                0x0000000008006da0                HAL_SD_GetCardState
 .text.SD_DMAError
                0x0000000008006dc8       0x60 Drivers/STM32F4xx_HAL_Driver/Src/stm32f4xx_hal_sd.o
 .text.TIM_OC1_SetConfig
                0x0000000008006e28       0x64 Drivers/STM32F4xx_HAL_Driver/Src/stm32f4xx_hal_tim.o
 .text.TIM_OC3_SetConfig
                0x0000000008006e8c       0x6c Drivers/STM32F4xx_HAL_Driver/Src/stm32f4xx_hal_tim.o
 .text.TIM_OC4_SetConfig
                0x0000000008006ef8       0x4c Drivers/STM32F4xx_HAL_Driver/Src/stm32f4xx_hal_tim.o
 .text.HAL_TIM_Base_Start_IT
                0x0000000008006f44       0x20 Drivers/STM32F4xx_HAL_Driver/Src/stm32f4xx_hal_tim.o
                0x0000000008006f44                HAL_TIM_Base_Start_IT
 .text.HAL_TIM_PWM_MspInit
                0x0000000008006f64        0x2 Drivers/STM32F4xx_HAL_Driver/Src/stm32f4xx_hal_tim.o
                0x0000000008006f64                HAL_TIM_PWM_MspInit
 .text.HAL_TIM_Encoder_Start
                0x0000000008006f66       0x44 Drivers/STM32F4xx_HAL_Driver/Src/stm32f4xx_hal_tim.o
                0x0000000008006f66                HAL_TIM_Encoder_Start
 .text.HAL_TIM_OC_DelayElapsedCallback
                0x0000000008006faa        0x2 Drivers/STM32F4xx_HAL_Driver/Src/stm32f4xx_hal_tim.o
                0x0000000008006faa                HAL_TIM_OC_DelayElapsedCallback
 .text.HAL_TIM_IC_CaptureCallback
                0x0000000008006fac        0x2 Drivers/STM32F4xx_HAL_Driver/Src/stm32f4xx_hal_tim.o
                0x0000000008006fac                HAL_TIM_IC_CaptureCallback
 .text.HAL_TIM_PWM_PulseFinishedCallback
                0x0000000008006fae        0x2 Drivers/STM32F4xx_HAL_Driver/Src/stm32f4xx_hal_tim.o
                0x0000000008006fae                HAL_TIM_PWM_PulseFinishedCallback
 .text.HAL_TIM_TriggerCallback
                0x0000000008006fb0        0x2 Drivers/STM32F4xx_HAL_Driver/Src/stm32f4xx_hal_tim.o
                0x0000000008006fb0                HAL_TIM_TriggerCallback
 .text.HAL_TIM_IRQHandler
                0x0000000008006fb2      0x144 Drivers/STM32F4xx_HAL_Driver/Src/stm32f4xx_hal_tim.o
                0x0000000008006fb2                HAL_TIM_IRQHandler
 *fill*         0x00000000080070f6        0x2 
 .text.TIM_Base_SetConfig
                0x00000000080070f8       0xcc Drivers/STM32F4xx_HAL_Driver/Src/stm32f4xx_hal_tim.o
                0x00000000080070f8                TIM_Base_SetConfig
 .text.HAL_TIM_Base_Init
                0x00000000080071c4       0x34 Drivers/STM32F4xx_HAL_Driver/Src/stm32f4xx_hal_tim.o
                0x00000000080071c4                HAL_TIM_Base_Init
 .text.HAL_TIM_PWM_Init
                0x00000000080071f8       0x34 Drivers/STM32F4xx_HAL_Driver/Src/stm32f4xx_hal_tim.o
                0x00000000080071f8                HAL_TIM_PWM_Init
 .text.HAL_TIM_Encoder_Init
                0x000000000800722c       0x96 Drivers/STM32F4xx_HAL_Driver/Src/stm32f4xx_hal_tim.o
                0x000000000800722c                HAL_TIM_Encoder_Init
 *fill*         0x00000000080072c2        0x2 
 .text.TIM_OC2_SetConfig
                0x00000000080072c4       0x6c Drivers/STM32F4xx_HAL_Driver/Src/stm32f4xx_hal_tim.o
                0x00000000080072c4                TIM_OC2_SetConfig
 .text.HAL_TIM_PWM_ConfigChannel
                0x0000000008007330       0xc4 Drivers/STM32F4xx_HAL_Driver/Src/stm32f4xx_hal_tim.o
                0x0000000008007330                HAL_TIM_PWM_ConfigChannel
 .text.TIM_ETR_SetConfig
                0x00000000080073f4       0x14 Drivers/STM32F4xx_HAL_Driver/Src/stm32f4xx_hal_tim.o
                0x00000000080073f4                TIM_ETR_SetConfig
 .text.HAL_TIM_ConfigClockSource
                0x0000000008007408      0x128 Drivers/STM32F4xx_HAL_Driver/Src/stm32f4xx_hal_tim.o
                0x0000000008007408                HAL_TIM_ConfigClockSource
 .text.TIM_CCxChannelCmd
                0x0000000008007530       0x1c Drivers/STM32F4xx_HAL_Driver/Src/stm32f4xx_hal_tim.o
                0x0000000008007530                TIM_CCxChannelCmd
 .text.HAL_TIM_OC_Start
                0x000000000800754c       0x40 Drivers/STM32F4xx_HAL_Driver/Src/stm32f4xx_hal_tim.o
                0x000000000800754c                HAL_TIM_OC_Start
 .text.HAL_TIM_PWM_Start
                0x000000000800758c        0x4 Drivers/STM32F4xx_HAL_Driver/Src/stm32f4xx_hal_tim.o
                0x000000000800758c                HAL_TIM_PWM_Start
 .text.HAL_TIMEx_MasterConfigSynchronization
                0x0000000008007590       0x84 Drivers/STM32F4xx_HAL_Driver/Src/stm32f4xx_hal_tim_ex.o
                0x0000000008007590                HAL_TIMEx_MasterConfigSynchronization
 .text.HAL_TIMEx_CommutCallback
                0x0000000008007614        0x2 Drivers/STM32F4xx_HAL_Driver/Src/stm32f4xx_hal_tim_ex.o
                0x0000000008007614                HAL_TIMEx_CommutCallback
 .text.HAL_TIMEx_BreakCallback
                0x0000000008007616        0x2 Drivers/STM32F4xx_HAL_Driver/Src/stm32f4xx_hal_tim_ex.o
                0x0000000008007616                HAL_TIMEx_BreakCallback
 .text.UART_SetConfig
                0x0000000008007618       0xe0 Drivers/STM32F4xx_HAL_Driver/Src/stm32f4xx_hal_uart.o
 .text.UART_WaitOnFlagUntilTimeout.constprop.3
                0x00000000080076f8       0x50 Drivers/STM32F4xx_HAL_Driver/Src/stm32f4xx_hal_uart.o
 .text.HAL_HalfDuplex_Init
                0x0000000008007748       0x64 Drivers/STM32F4xx_HAL_Driver/Src/stm32f4xx_hal_uart.o
                0x0000000008007748                HAL_HalfDuplex_Init
 .text.HAL_UART_Transmit
                0x00000000080077ac       0xb8 Drivers/STM32F4xx_HAL_Driver/Src/stm32f4xx_hal_uart.o
                0x00000000080077ac                HAL_UART_Transmit
 .text.SDMMC_GetCmdResp2
                0x0000000008007864       0x50 Drivers/STM32F4xx_HAL_Driver/Src/stm32f4xx_ll_sdmmc.o
 .text.SDMMC_GetCmdResp3
                0x00000000080078b4       0x44 Drivers/STM32F4xx_HAL_Driver/Src/stm32f4xx_ll_sdmmc.o
 .text.SDMMC_GetCmdResp1
                0x00000000080078f8      0x11c Drivers/STM32F4xx_HAL_Driver/Src/stm32f4xx_ll_sdmmc.o
 .text.SDIO_Init
                0x0000000008007a14       0x38 Drivers/STM32F4xx_HAL_Driver/Src/stm32f4xx_ll_sdmmc.o
                0x0000000008007a14                SDIO_Init
 .text.SDIO_ReadFIFO
                0x0000000008007a4c        0x6 Drivers/STM32F4xx_HAL_Driver/Src/stm32f4xx_ll_sdmmc.o
                0x0000000008007a4c                SDIO_ReadFIFO
 .text.SDIO_PowerState_ON
                0x0000000008007a52       0x10 Drivers/STM32F4xx_HAL_Driver/Src/stm32f4xx_ll_sdmmc.o
                0x0000000008007a52                SDIO_PowerState_ON
 .text.SDIO_GetPowerState
                0x0000000008007a62        0x8 Drivers/STM32F4xx_HAL_Driver/Src/stm32f4xx_ll_sdmmc.o
                0x0000000008007a62                SDIO_GetPowerState
 .text.SDIO_SendCommand
                0x0000000008007a6a       0x26 Drivers/STM32F4xx_HAL_Driver/Src/stm32f4xx_ll_sdmmc.o
                0x0000000008007a6a                SDIO_SendCommand
 .text.SDIO_GetResponse
                0x0000000008007a90        0x6 Drivers/STM32F4xx_HAL_Driver/Src/stm32f4xx_ll_sdmmc.o
                0x0000000008007a90                SDIO_GetResponse
 .text.SDIO_ConfigData
                0x0000000008007a96       0x26 Drivers/STM32F4xx_HAL_Driver/Src/stm32f4xx_ll_sdmmc.o
                0x0000000008007a96                SDIO_ConfigData
 .text.SDMMC_CmdBlockLength
                0x0000000008007abc       0x30 Drivers/STM32F4xx_HAL_Driver/Src/stm32f4xx_ll_sdmmc.o
                0x0000000008007abc                SDMMC_CmdBlockLength
 .text.SDMMC_CmdReadSingleBlock
                0x0000000008007aec       0x30 Drivers/STM32F4xx_HAL_Driver/Src/stm32f4xx_ll_sdmmc.o
                0x0000000008007aec                SDMMC_CmdReadSingleBlock
 .text.SDMMC_CmdReadMultiBlock
                0x0000000008007b1c       0x30 Drivers/STM32F4xx_HAL_Driver/Src/stm32f4xx_ll_sdmmc.o
                0x0000000008007b1c                SDMMC_CmdReadMultiBlock
 .text.SDMMC_CmdWriteSingleBlock
                0x0000000008007b4c       0x30 Drivers/STM32F4xx_HAL_Driver/Src/stm32f4xx_ll_sdmmc.o
                0x0000000008007b4c                SDMMC_CmdWriteSingleBlock
 .text.SDMMC_CmdWriteMultiBlock
                0x0000000008007b7c       0x30 Drivers/STM32F4xx_HAL_Driver/Src/stm32f4xx_ll_sdmmc.o
                0x0000000008007b7c                SDMMC_CmdWriteMultiBlock
 .text.SDMMC_CmdStopTransfer
                0x0000000008007bac       0x34 Drivers/STM32F4xx_HAL_Driver/Src/stm32f4xx_ll_sdmmc.o
                0x0000000008007bac                SDMMC_CmdStopTransfer
 .text.SDMMC_CmdSelDesel
                0x0000000008007be0       0x30 Drivers/STM32F4xx_HAL_Driver/Src/stm32f4xx_ll_sdmmc.o
                0x0000000008007be0                SDMMC_CmdSelDesel
 .text.SDMMC_CmdGoIdleState
                0x0000000008007c10       0x50 Drivers/STM32F4xx_HAL_Driver/Src/stm32f4xx_ll_sdmmc.o
                0x0000000008007c10                SDMMC_CmdGoIdleState
 .text.SDMMC_CmdOperCond
                0x0000000008007c60       0x80 Drivers/STM32F4xx_HAL_Driver/Src/stm32f4xx_ll_sdmmc.o
                0x0000000008007c60                SDMMC_CmdOperCond
 .text.SDMMC_CmdAppCommand
                0x0000000008007ce0       0x30 Drivers/STM32F4xx_HAL_Driver/Src/stm32f4xx_ll_sdmmc.o
                0x0000000008007ce0                SDMMC_CmdAppCommand
 .text.SDMMC_CmdAppOperCommand
                0x0000000008007d10       0x32 Drivers/STM32F4xx_HAL_Driver/Src/stm32f4xx_ll_sdmmc.o
                0x0000000008007d10                SDMMC_CmdAppOperCommand
 .text.SDMMC_CmdBusWidth
                0x0000000008007d42       0x30 Drivers/STM32F4xx_HAL_Driver/Src/stm32f4xx_ll_sdmmc.o
                0x0000000008007d42                SDMMC_CmdBusWidth
 .text.SDMMC_CmdSendSCR
                0x0000000008007d72       0x30 Drivers/STM32F4xx_HAL_Driver/Src/stm32f4xx_ll_sdmmc.o
                0x0000000008007d72                SDMMC_CmdSendSCR
 .text.SDMMC_CmdSendCID
                0x0000000008007da2       0x2a Drivers/STM32F4xx_HAL_Driver/Src/stm32f4xx_ll_sdmmc.o
                0x0000000008007da2                SDMMC_CmdSendCID
 .text.SDMMC_CmdSendCSD
                0x0000000008007dcc       0x2a Drivers/STM32F4xx_HAL_Driver/Src/stm32f4xx_ll_sdmmc.o
                0x0000000008007dcc                SDMMC_CmdSendCSD
 *fill*         0x0000000008007df6        0x2 
 .text.SDMMC_CmdSetRelAdd
                0x0000000008007df8       0xa0 Drivers/STM32F4xx_HAL_Driver/Src/stm32f4xx_ll_sdmmc.o
                0x0000000008007df8                SDMMC_CmdSetRelAdd
 .text.SDMMC_CmdSendStatus
                0x0000000008007e98       0x30 Drivers/STM32F4xx_HAL_Driver/Src/stm32f4xx_ll_sdmmc.o
                0x0000000008007e98                SDMMC_CmdSendStatus
 .text.MX_FATFS_Init
                0x0000000008007ec8       0x1c FATFS/App/fatfs.o
                0x0000000008007ec8                MX_FATFS_Init
 .text.BSP_SD_ReadBlocks_DMA
                0x0000000008007ee4       0x1c FATFS/Target/bsp_driver_sd.o
                0x0000000008007ee4                BSP_SD_ReadBlocks_DMA
 .text.BSP_SD_WriteBlocks_DMA
                0x0000000008007f00       0x1c FATFS/Target/bsp_driver_sd.o
                0x0000000008007f00                BSP_SD_WriteBlocks_DMA
 .text.BSP_SD_GetCardState
                0x0000000008007f1c       0x14 FATFS/Target/bsp_driver_sd.o
                0x0000000008007f1c                BSP_SD_GetCardState
 .text.BSP_SD_GetCardInfo
                0x0000000008007f30        0xc FATFS/Target/bsp_driver_sd.o
                0x0000000008007f30                BSP_SD_GetCardInfo
 .text.HAL_SD_RxCpltCallback
                0x0000000008007f3c        0x8 FATFS/Target/bsp_driver_sd.o
                0x0000000008007f3c                HAL_SD_RxCpltCallback
 .text.BSP_SD_IsDetected
                0x0000000008007f44       0x1c FATFS/Target/bsp_driver_sd.o
                0x0000000008007f44                BSP_SD_IsDetected
 .text.BSP_SD_Init
                0x0000000008007f60       0x2c FATFS/Target/bsp_driver_sd.o
                0x0000000008007f60                BSP_SD_Init
 .text.BSP_PlatformIsDetected
                0x0000000008007f8c       0x18 FATFS/Target/fatfs_platform.o
                0x0000000008007f8c                BSP_PlatformIsDetected
 .text.SD_CheckStatus.isra.0
                0x0000000008007fa4       0x20 FATFS/Target/sd_diskio.o
 .text.SD_initialize
                0x0000000008007fc4       0x5c FATFS/Target/sd_diskio.o
                0x0000000008007fc4                SD_initialize
 .text.SD_status
                0x0000000008008020        0x4 FATFS/Target/sd_diskio.o
                0x0000000008008020                SD_status
 .text.SD_read.part.1
                0x0000000008008024       0x24 FATFS/Target/sd_diskio.o
 .text.SD_ioctl
                0x0000000008008048       0x50 FATFS/Target/sd_diskio.o
                0x0000000008008048                SD_ioctl
 .text.SD_CheckStatusWithTimeout.constprop.4
                0x0000000008008098       0x26 FATFS/Target/sd_diskio.o
 *fill*         0x00000000080080be        0x2 
 .text.SD_write
                0x00000000080080c0       0x4c FATFS/Target/sd_diskio.o
                0x00000000080080c0                SD_write
 .text.SD_read  0x000000000800810c       0x4c FATFS/Target/sd_diskio.o
                0x000000000800810c                SD_read
 .text.BSP_SD_ReadCpltCallback
                0x0000000008008158       0x10 FATFS/Target/sd_diskio.o
                0x0000000008008158                BSP_SD_ReadCpltCallback
 .text.low_level_output
                0x0000000008008168       0xa0 LWIP/Target/ethernetif.o
 .text.ethernetif_input
                0x0000000008008208      0x100 LWIP/Target/ethernetif.o
                0x0000000008008208                ethernetif_input
 .text.HAL_ETH_MspInit
                0x0000000008008308       0xfc LWIP/Target/ethernetif.o
                0x0000000008008308                HAL_ETH_MspInit
 .text.HAL_ETH_RxCpltCallback
                0x0000000008008404        0xc LWIP/Target/ethernetif.o
                0x0000000008008404                HAL_ETH_RxCpltCallback
 .text.ethernetif_init
                0x0000000008008410      0x14c LWIP/Target/ethernetif.o
                0x0000000008008410                ethernetif_init
 .text.sys_now  0x000000000800855c        0x4 LWIP/Target/ethernetif.o
                0x000000000800855c                sys_now
 .text.FATFS_LinkDriverEx
                0x0000000008008560       0x44 Middlewares/Third_Party/FatFs/src/ff_gen_drv.o
                0x0000000008008560                FATFS_LinkDriverEx
 .text.FATFS_LinkDriver
                0x00000000080085a4        0x6 Middlewares/Third_Party/FatFs/src/ff_gen_drv.o
                0x00000000080085a4                FATFS_LinkDriver
 .text.osKernelStart
                0x00000000080085aa        0xa Middlewares/Third_Party/FreeRTOS/Source/CMSIS_RTOS/cmsis_os.o
                0x00000000080085aa                osKernelStart
 .text.osKernelRunning
                0x00000000080085b4       0x10 Middlewares/Third_Party/FreeRTOS/Source/CMSIS_RTOS/cmsis_os.o
                0x00000000080085b4                osKernelRunning
 .text.osKernelSysTick
                0x00000000080085c4        0xe Middlewares/Third_Party/FreeRTOS/Source/CMSIS_RTOS/cmsis_os.o
                0x00000000080085c4                osKernelSysTick
 .text.osThreadCreate
                0x00000000080085d2       0x50 Middlewares/Third_Party/FreeRTOS/Source/CMSIS_RTOS/cmsis_os.o
                0x00000000080085d2                osThreadCreate
 .text.osDelay  0x0000000008008622       0x10 Middlewares/Third_Party/FreeRTOS/Source/CMSIS_RTOS/cmsis_os.o
                0x0000000008008622                osDelay
 *fill*         0x0000000008008632        0x2 
 .text.osTimerCreate
                0x0000000008008634       0x30 Middlewares/Third_Party/FreeRTOS/Source/CMSIS_RTOS/cmsis_os.o
                0x0000000008008634                osTimerCreate
 .text.osTimerStart
                0x0000000008008664       0x54 Middlewares/Third_Party/FreeRTOS/Source/CMSIS_RTOS/cmsis_os.o
                0x0000000008008664                osTimerStart
 .text.osTimerStop
                0x00000000080086b8       0x50 Middlewares/Third_Party/FreeRTOS/Source/CMSIS_RTOS/cmsis_os.o
                0x00000000080086b8                osTimerStop
 .text.osMutexCreate
                0x0000000008008708        0xe Middlewares/Third_Party/FreeRTOS/Source/CMSIS_RTOS/cmsis_os.o